Archive member included because of file (symbol)

d:/winavr-20100110/bin/../lib/gcc/avr/4.3.3/../../../../avr/lib/avr5\libprintf_flt.a(vfprintf_flt.o)
                              (vfprintf)
D:\workspace\RBELib\Release\libRBELib.a(Debug.o)
                              ./SRC/main.o (initRBELib)
D:\workspace\RBELib\Release\libRBELib.a(SetServo.o)
                              D:\workspace\RBELib\Release\libRBELib.a(Debug.o) (initAltCom)
d:/winavr-20100110/bin/../lib/gcc/avr/4.3.3/avr5\libgcc.a(_udivmodsi4.o)
                              ./SRC/USART.o (__udivmodsi4)
d:/winavr-20100110/bin/../lib/gcc/avr/4.3.3/avr5\libgcc.a(_prologue.o)
                              d:/winavr-20100110/bin/../lib/gcc/avr/4.3.3/../../../../avr/lib/avr5\libprintf_flt.a(vfprintf_flt.o) (__prologue_saves__)
d:/winavr-20100110/bin/../lib/gcc/avr/4.3.3/avr5\libgcc.a(_epilogue.o)
                              d:/winavr-20100110/bin/../lib/gcc/avr/4.3.3/../../../../avr/lib/avr5\libprintf_flt.a(vfprintf_flt.o) (__epilogue_restores__)
d:/winavr-20100110/bin/../lib/gcc/avr/4.3.3/avr5\libgcc.a(_exit.o)
                              d:/winavr-20100110/bin/../lib/gcc/avr/4.3.3/../../../../avr/lib/avr5/crtm644p.o (exit)
d:/winavr-20100110/bin/../lib/gcc/avr/4.3.3/avr5\libgcc.a(_copy_data.o)
                              ./SRC/Lab1Code.o (__do_copy_data)
d:/winavr-20100110/bin/../lib/gcc/avr/4.3.3/avr5\libgcc.a(_clear_bss.o)
                              ./SRC/Lab1Code.o (__do_clear_bss)
d:/winavr-20100110/bin/../lib/gcc/avr/4.3.3/avr5\libgcc.a(_addsub_sf.o)
                              ./SRC/Lab1Code.o (__subsf3)
d:/winavr-20100110/bin/../lib/gcc/avr/4.3.3/avr5\libgcc.a(_mul_sf.o)
                              ./SRC/Lab1Code.o (__mulsf3)
d:/winavr-20100110/bin/../lib/gcc/avr/4.3.3/avr5\libgcc.a(_div_sf.o)
                              ./SRC/Lab1Code.o (__divsf3)
d:/winavr-20100110/bin/../lib/gcc/avr/4.3.3/avr5\libgcc.a(_gt_sf.o)
                              ./SRC/Lab1Code.o (__gtsf2)
d:/winavr-20100110/bin/../lib/gcc/avr/4.3.3/avr5\libgcc.a(_ge_sf.o)
                              ./SRC/Lab1Code.o (__gesf2)
d:/winavr-20100110/bin/../lib/gcc/avr/4.3.3/avr5\libgcc.a(_si_to_sf.o)
                              ./SRC/Lab1Code.o (__floatsisf)
d:/winavr-20100110/bin/../lib/gcc/avr/4.3.3/avr5\libgcc.a(_thenan_sf.o)
                              d:/winavr-20100110/bin/../lib/gcc/avr/4.3.3/avr5\libgcc.a(_addsub_sf.o) (__thenan_sf)
d:/winavr-20100110/bin/../lib/gcc/avr/4.3.3/avr5\libgcc.a(_usi_to_sf.o)
                              ./SRC/Lab1Code.o (__floatunsisf)
d:/winavr-20100110/bin/../lib/gcc/avr/4.3.3/avr5\libgcc.a(_clzsi2.o)
                              d:/winavr-20100110/bin/../lib/gcc/avr/4.3.3/avr5\libgcc.a(_si_to_sf.o) (__clzsi2)
d:/winavr-20100110/bin/../lib/gcc/avr/4.3.3/avr5\libgcc.a(_pack_sf.o)
                              d:/winavr-20100110/bin/../lib/gcc/avr/4.3.3/avr5\libgcc.a(_addsub_sf.o) (__pack_f)
d:/winavr-20100110/bin/../lib/gcc/avr/4.3.3/avr5\libgcc.a(_unpack_sf.o)
                              d:/winavr-20100110/bin/../lib/gcc/avr/4.3.3/avr5\libgcc.a(_addsub_sf.o) (__unpack_f)
d:/winavr-20100110/bin/../lib/gcc/avr/4.3.3/avr5\libgcc.a(_fpcmp_parts_sf.o)
                              d:/winavr-20100110/bin/../lib/gcc/avr/4.3.3/avr5\libgcc.a(_gt_sf.o) (__fpcmp_parts_f)
d:/winavr-20100110/bin/../lib/gcc/avr/4.3.3/avr5\libgcc.a(_clz.o)
                              d:/winavr-20100110/bin/../lib/gcc/avr/4.3.3/avr5\libgcc.a(_clzsi2.o) (__clz_tab)
d:/winavr-20100110/bin/../lib/gcc/avr/4.3.3/../../../../avr/lib/avr5\libc.a(ftoa_engine.o)
                              d:/winavr-20100110/bin/../lib/gcc/avr/4.3.3/../../../../avr/lib/avr5\libprintf_flt.a(vfprintf_flt.o) (__ftoa_engine)
d:/winavr-20100110/bin/../lib/gcc/avr/4.3.3/../../../../avr/lib/avr5\libc.a(strnlen_P.o)
                              d:/winavr-20100110/bin/../lib/gcc/avr/4.3.3/../../../../avr/lib/avr5\libprintf_flt.a(vfprintf_flt.o) (strnlen_P)
d:/winavr-20100110/bin/../lib/gcc/avr/4.3.3/../../../../avr/lib/avr5\libc.a(strnlen.o)
                              d:/winavr-20100110/bin/../lib/gcc/avr/4.3.3/../../../../avr/lib/avr5\libprintf_flt.a(vfprintf_flt.o) (strnlen)
d:/winavr-20100110/bin/../lib/gcc/avr/4.3.3/../../../../avr/lib/avr5\libc.a(fputc.o)
                              d:/winavr-20100110/bin/../lib/gcc/avr/4.3.3/../../../../avr/lib/avr5\libprintf_flt.a(vfprintf_flt.o) (fputc)
d:/winavr-20100110/bin/../lib/gcc/avr/4.3.3/../../../../avr/lib/avr5\libc.a(iob.o)
                              D:\workspace\RBELib\Release\libRBELib.a(Debug.o) (__iob)
d:/winavr-20100110/bin/../lib/gcc/avr/4.3.3/../../../../avr/lib/avr5\libc.a(printf.o)
                              ./SRC/Lab1Code.o (printf)
d:/winavr-20100110/bin/../lib/gcc/avr/4.3.3/../../../../avr/lib/avr5\libc.a(sprintf.o)
                              D:\workspace\RBELib\Release\libRBELib.a(SetServo.o) (sprintf)
d:/winavr-20100110/bin/../lib/gcc/avr/4.3.3/../../../../avr/lib/avr5\libc.a(ultoa_invert.o)
                              d:/winavr-20100110/bin/../lib/gcc/avr/4.3.3/../../../../avr/lib/avr5\libprintf_flt.a(vfprintf_flt.o) (__ultoa_invert)

Allocating common symbols
Common symbol       size              file

__iob               0x6               d:/winavr-20100110/bin/../lib/gcc/avr/4.3.3/../../../../avr/lib/avr5\libc.a(iob.o)

Memory Configuration

Name             Origin             Length             Attributes
text             0x00000000         0x00020000         xr
data             0x00800060         0x0000ffa0         rw !x
eeprom           0x00810000         0x00010000         rw !x
fuse             0x00820000         0x00000400         rw !x
lock             0x00830000         0x00000400         rw !x
signature        0x00840000         0x00000400         rw !x
*default*        0x00000000         0xffffffff

Linker script and memory map

Address of section .data set to 0x800100
LOAD d:/winavr-20100110/bin/../lib/gcc/avr/4.3.3/../../../../avr/lib/avr5/crtm644p.o
LOAD d:/winavr-20100110/bin/../lib/gcc/avr/4.3.3/../../../../avr/lib/avr5\libprintf_flt.a
LOAD d:/winavr-20100110/bin/../lib/gcc/avr/4.3.3/../../../../avr/lib/avr5\libm.a
LOAD ./SRC/ADC.o
LOAD ./SRC/Lab1Code.o
LOAD ./SRC/Lab2Code.o
LOAD ./SRC/USART.o
LOAD ./SRC/main.o
LOAD D:\workspace\RBELib\Release\libRBELib.a
LOAD d:/winavr-20100110/bin/../lib/gcc/avr/4.3.3/avr5\libgcc.a
LOAD d:/winavr-20100110/bin/../lib/gcc/avr/4.3.3/../../../../avr/lib/avr5\libc.a
LOAD d:/winavr-20100110/bin/../lib/gcc/avr/4.3.3/avr5\libgcc.a

.hash
 *(.hash)

.dynsym
 *(.dynsym)

.dynstr
 *(.dynstr)

.gnu.version
 *(.gnu.version)

.gnu.version_d
 *(.gnu.version_d)

.gnu.version_r
 *(.gnu.version_r)

.rel.init
 *(.rel.init)

.rela.init
 *(.rela.init)

.rel.text
 *(.rel.text)
 *(.rel.text.*)
 *(.rel.gnu.linkonce.t*)

.rela.text
 *(.rela.text)
 *(.rela.text.*)
 *(.rela.gnu.linkonce.t*)

.rel.fini
 *(.rel.fini)

.rela.fini
 *(.rela.fini)

.rel.rodata
 *(.rel.rodata)
 *(.rel.rodata.*)
 *(.rel.gnu.linkonce.r*)

.rela.rodata
 *(.rela.rodata)
 *(.rela.rodata.*)
 *(.rela.gnu.linkonce.r*)

.rel.data
 *(.rel.data)
 *(.rel.data.*)
 *(.rel.gnu.linkonce.d*)

.rela.data
 *(.rela.data)
 *(.rela.data.*)
 *(.rela.gnu.linkonce.d*)

.rel.ctors
 *(.rel.ctors)

.rela.ctors
 *(.rela.ctors)

.rel.dtors
 *(.rel.dtors)

.rela.dtors
 *(.rela.dtors)

.rel.got
 *(.rel.got)

.rela.got
 *(.rela.got)

.rel.bss
 *(.rel.bss)

.rela.bss
 *(.rela.bss)

.rel.plt
 *(.rel.plt)

.rela.plt
 *(.rela.plt)

.text           0x00000000     0x23aa
 *(.vectors)
 .vectors       0x00000000       0x7c d:/winavr-20100110/bin/../lib/gcc/avr/4.3.3/../../../../avr/lib/avr5/crtm644p.o
                0x00000000                __vectors
                0x00000000                __vector_default
 *(.vectors)
 *(.progmem.gcc*)
 *(.progmem*)
 .progmem.data  0x0000007c        0x8 d:/winavr-20100110/bin/../lib/gcc/avr/4.3.3/../../../../avr/lib/avr5\libprintf_flt.a(vfprintf_flt.o)
 .progmem.data  0x00000084       0xfa d:/winavr-20100110/bin/../lib/gcc/avr/4.3.3/../../../../avr/lib/avr5\libc.a(ftoa_engine.o)
                0x0000017e                . = ALIGN (0x2)
                0x0000017e                __trampolines_start = .
 *(.trampolines)
 .trampolines   0x0000017e        0x0 linker stubs
 *(.trampolines*)
                0x0000017e                __trampolines_end = .
 *(.jumptables)
 *(.jumptables*)
 *(.lowtext)
 *(.lowtext*)
                0x0000017e                __ctors_start = .
 *(.ctors)
                0x0000017e                __ctors_end = .
                0x0000017e                __dtors_start = .
 *(.dtors)
                0x0000017e                __dtors_end = .
 SORT(*)(.ctors)
 SORT(*)(.dtors)
 *(.init0)
 .init0         0x0000017e        0x0 d:/winavr-20100110/bin/../lib/gcc/avr/4.3.3/../../../../avr/lib/avr5/crtm644p.o
                0x0000017e                __init
 *(.init0)
 *(.init1)
 *(.init1)
 *(.init2)
 .init2         0x0000017e        0xc d:/winavr-20100110/bin/../lib/gcc/avr/4.3.3/../../../../avr/lib/avr5/crtm644p.o
 *(.init2)
 *(.init3)
 *(.init3)
 *(.init4)
 .init4         0x0000018a       0x16 d:/winavr-20100110/bin/../lib/gcc/avr/4.3.3/avr5\libgcc.a(_copy_data.o)
                0x0000018a                __do_copy_data
 .init4         0x000001a0       0x10 d:/winavr-20100110/bin/../lib/gcc/avr/4.3.3/avr5\libgcc.a(_clear_bss.o)
                0x000001a0                __do_clear_bss
 *(.init4)
 *(.init5)
 *(.init5)
 *(.init6)
 *(.init6)
 *(.init7)
 *(.init7)
 *(.init8)
 *(.init8)
 *(.init9)
 .init9         0x000001b0        0x8 d:/winavr-20100110/bin/../lib/gcc/avr/4.3.3/../../../../avr/lib/avr5/crtm644p.o
 *(.init9)
 *(.text)
 .text          0x000001b8        0x4 d:/winavr-20100110/bin/../lib/gcc/avr/4.3.3/../../../../avr/lib/avr5/crtm644p.o
                0x000001b8                __vector_22
                0x000001b8                __vector_28
                0x000001b8                __vector_1
                0x000001b8                __vector_24
                0x000001b8                __vector_12
                0x000001b8                __bad_interrupt
                0x000001b8                __vector_6
                0x000001b8                __vector_3
                0x000001b8                __vector_23
                0x000001b8                __vector_30
                0x000001b8                __vector_25
                0x000001b8                __vector_11
                0x000001b8                __vector_13
                0x000001b8                __vector_17
                0x000001b8                __vector_19
                0x000001b8                __vector_7
                0x000001b8                __vector_27
                0x000001b8                __vector_5
                0x000001b8                __vector_4
                0x000001b8                __vector_9
                0x000001b8                __vector_2
                0x000001b8                __vector_21
                0x000001b8                __vector_15
                0x000001b8                __vector_29
                0x000001b8                __vector_8
                0x000001b8                __vector_26
                0x000001b8                __vector_14
                0x000001b8                __vector_10
                0x000001b8                __vector_18
                0x000001b8                __vector_20
 .text          0x000001bc        0x0 d:/winavr-20100110/bin/../lib/gcc/avr/4.3.3/../../../../avr/lib/avr5\libprintf_flt.a(vfprintf_flt.o)
 .text          0x000001bc        0x0 ./SRC/ADC.o
 .text          0x000001bc        0x0 ./SRC/Lab1Code.o
 .text          0x000001bc        0x0 ./SRC/Lab2Code.o
 .text          0x000001bc        0x0 ./SRC/USART.o
 .text          0x000001bc        0x0 ./SRC/main.o
 .text          0x000001bc        0x0 D:\workspace\RBELib\Release\libRBELib.a(Debug.o)
 .text          0x000001bc        0x0 D:\workspace\RBELib\Release\libRBELib.a(SetServo.o)
 .text          0x000001bc        0x0 d:/winavr-20100110/bin/../lib/gcc/avr/4.3.3/avr5\libgcc.a(_udivmodsi4.o)
 .text          0x000001bc        0x0 d:/winavr-20100110/bin/../lib/gcc/avr/4.3.3/avr5\libgcc.a(_prologue.o)
 .text          0x000001bc        0x0 d:/winavr-20100110/bin/../lib/gcc/avr/4.3.3/avr5\libgcc.a(_epilogue.o)
 .text          0x000001bc        0x0 d:/winavr-20100110/bin/../lib/gcc/avr/4.3.3/avr5\libgcc.a(_exit.o)
 .text          0x000001bc        0x0 d:/winavr-20100110/bin/../lib/gcc/avr/4.3.3/avr5\libgcc.a(_copy_data.o)
 .text          0x000001bc        0x0 d:/winavr-20100110/bin/../lib/gcc/avr/4.3.3/avr5\libgcc.a(_clear_bss.o)
 .text          0x000001bc      0x354 d:/winavr-20100110/bin/../lib/gcc/avr/4.3.3/avr5\libgcc.a(_addsub_sf.o)
                0x00000454                __subsf3
                0x000004b6                __addsf3
 .text          0x00000510      0x1f4 d:/winavr-20100110/bin/../lib/gcc/avr/4.3.3/avr5\libgcc.a(_mul_sf.o)
                0x00000510                __mulsf3
 .text          0x00000704      0x158 d:/winavr-20100110/bin/../lib/gcc/avr/4.3.3/avr5\libgcc.a(_div_sf.o)
                0x00000704                __divsf3
 .text          0x0000085c       0x60 d:/winavr-20100110/bin/../lib/gcc/avr/4.3.3/avr5\libgcc.a(_gt_sf.o)
                0x0000085c                __gtsf2
 .text          0x000008bc       0x60 d:/winavr-20100110/bin/../lib/gcc/avr/4.3.3/avr5\libgcc.a(_ge_sf.o)
                0x000008bc                __gesf2
 .text          0x0000091c       0xbc d:/winavr-20100110/bin/../lib/gcc/avr/4.3.3/avr5\libgcc.a(_si_to_sf.o)
                0x0000091c                __floatsisf
 .text          0x000009d8        0x0 d:/winavr-20100110/bin/../lib/gcc/avr/4.3.3/avr5\libgcc.a(_thenan_sf.o)
 .text          0x000009d8       0xf2 d:/winavr-20100110/bin/../lib/gcc/avr/4.3.3/avr5\libgcc.a(_usi_to_sf.o)
                0x000009d8                __floatunsisf
 .text          0x00000aca       0x9e d:/winavr-20100110/bin/../lib/gcc/avr/4.3.3/avr5\libgcc.a(_clzsi2.o)
                0x00000aca                __clzsi2
 .text          0x00000b68      0x1aa d:/winavr-20100110/bin/../lib/gcc/avr/4.3.3/avr5\libgcc.a(_pack_sf.o)
                0x00000b68                __pack_f
 .text          0x00000d12       0xf0 d:/winavr-20100110/bin/../lib/gcc/avr/4.3.3/avr5\libgcc.a(_unpack_sf.o)
                0x00000d12                __unpack_f
 .text          0x00000e02       0xb2 d:/winavr-20100110/bin/../lib/gcc/avr/4.3.3/avr5\libgcc.a(_fpcmp_parts_sf.o)
                0x00000e02                __fpcmp_parts_f
 .text          0x00000eb4        0x0 d:/winavr-20100110/bin/../lib/gcc/avr/4.3.3/avr5\libgcc.a(_clz.o)
 .text          0x00000eb4        0x0 d:/winavr-20100110/bin/../lib/gcc/avr/4.3.3/../../../../avr/lib/avr5\libc.a(ftoa_engine.o)
 .text          0x00000eb4        0x0 d:/winavr-20100110/bin/../lib/gcc/avr/4.3.3/../../../../avr/lib/avr5\libc.a(strnlen_P.o)
 .text          0x00000eb4        0x0 d:/winavr-20100110/bin/../lib/gcc/avr/4.3.3/../../../../avr/lib/avr5\libc.a(strnlen.o)
 .text          0x00000eb4        0x0 d:/winavr-20100110/bin/../lib/gcc/avr/4.3.3/../../../../avr/lib/avr5\libc.a(fputc.o)
 .text          0x00000eb4        0x0 d:/winavr-20100110/bin/../lib/gcc/avr/4.3.3/../../../../avr/lib/avr5\libc.a(iob.o)
 .text          0x00000eb4        0x0 d:/winavr-20100110/bin/../lib/gcc/avr/4.3.3/../../../../avr/lib/avr5\libc.a(printf.o)
 .text          0x00000eb4        0x0 d:/winavr-20100110/bin/../lib/gcc/avr/4.3.3/../../../../avr/lib/avr5\libc.a(sprintf.o)
 .text          0x00000eb4        0x0 d:/winavr-20100110/bin/../lib/gcc/avr/4.3.3/../../../../avr/lib/avr5\libc.a(ultoa_invert.o)
                0x00000eb4                . = ALIGN (0x2)
 *(.text.*)
 .text.avr-libc
                0x00000eb4      0x70e d:/winavr-20100110/bin/../lib/gcc/avr/4.3.3/../../../../avr/lib/avr5\libprintf_flt.a(vfprintf_flt.o)
                0x00000eb4                vfprintf
 .text.initADC  0x000015c2       0x1c ./SRC/ADC.o
                0x000015c2                initADC
 .text.__vector_16
                0x000015de       0xc8 ./SRC/Lab1Code.o
                0x000015de                __vector_16
 .text.outputADC
                0x000016a6       0x2a ./SRC/Lab1Code.o
                0x000016a6                outputADC
 .text.outputPWM
                0x000016d0      0x15e ./SRC/Lab1Code.o
                0x000016d0                outputPWM
 .text.readSwitches
                0x0000182e       0xbc ./SRC/Lab1Code.o
                0x0000182e                readSwitches
 .text.initCLK  0x000018ea       0x12 ./SRC/Lab1Code.o
                0x000018ea                initCLK
 .text.initLab1
                0x000018fc       0x22 ./SRC/Lab1Code.o
                0x000018fc                initLab1
 .text.readPWM  0x0000191e      0x19a ./SRC/Lab1Code.o
                0x0000191e                readPWM
 .text.readADC  0x00001ab8      0x1ee ./SRC/Lab1Code.o
                0x00001ab8                readADC
 .text.Lab1Code
                0x00001ca6        0xa ./SRC/Lab1Code.o
                0x00001ca6                Lab1Code
 .text.timerInit
                0x00001cb0       0x14 ./SRC/Lab2Code.o
                0x00001cb0                timerInit
 .text.initLab2
                0x00001cc4       0x28 ./SRC/Lab2Code.o
                0x00001cc4                initLab2
 .text.readADC2
                0x00001cec      0x120 ./SRC/Lab2Code.o
                0x00001cec                readADC2
 .text.Lab2Code
                0x00001e0c        0x6 ./SRC/Lab2Code.o
                0x00001e0c                Lab2Code
 .text.debugUSARTInit
                0x00001e12       0x48 ./SRC/USART.o
                0x00001e12                debugUSARTInit
 .text.putCharDebug
                0x00001e5a       0x10 ./SRC/USART.o
                0x00001e5a                putCharDebug
 .text.getCharDebug
                0x00001e6a        0x4 ./SRC/USART.o
                0x00001e6a                getCharDebug
 .text.main     0x00001e6e       0x1a ./SRC/main.o
                0x00001e6e                main
 .text.initRBELib
                0x00001e88       0x1a D:\workspace\RBELib\Release\libRBELib.a(Debug.o)
                0x00001e88                initRBELib
 .text.printfRBE
                0x00001ea2        0xa D:\workspace\RBELib\Release\libRBELib.a(Debug.o)
                0x00001ea2                printfRBE
 .text.initAltCom
                0x00001eac       0x38 D:\workspace\RBELib\Release\libRBELib.a(SetServo.o)
                0x00001eac                initAltCom
 .text.setCharDebug
                0x00001ee4       0x10 D:\workspace\RBELib\Release\libRBELib.a(SetServo.o)
                0x00001ee4                setCharDebug
 .text.coPrintf
                0x00001ef4       0x1a D:\workspace\RBELib\Release\libRBELib.a(SetServo.o)
                0x00001ef4                coPrintf
 .text.setServo
                0x00001f0e       0x84 D:\workspace\RBELib\Release\libRBELib.a(SetServo.o)
                0x00001f0e                setServo
 .text.libgcc   0x00001f92       0x44 d:/winavr-20100110/bin/../lib/gcc/avr/4.3.3/avr5\libgcc.a(_udivmodsi4.o)
                0x00001f92                __udivmodsi4
 .text.libgcc   0x00001fd6       0x38 d:/winavr-20100110/bin/../lib/gcc/avr/4.3.3/avr5\libgcc.a(_prologue.o)
                0x00001fd6                __prologue_saves__
 .text.libgcc   0x0000200e       0x36 d:/winavr-20100110/bin/../lib/gcc/avr/4.3.3/avr5\libgcc.a(_epilogue.o)
                0x0000200e                __epilogue_restores__
 .text.libgcc   0x00002044        0x0 d:/winavr-20100110/bin/../lib/gcc/avr/4.3.3/avr5\libgcc.a(_exit.o)
 .text.libgcc   0x00002044        0x0 d:/winavr-20100110/bin/../lib/gcc/avr/4.3.3/avr5\libgcc.a(_copy_data.o)
 .text.libgcc   0x00002044        0x0 d:/winavr-20100110/bin/../lib/gcc/avr/4.3.3/avr5\libgcc.a(_clear_bss.o)
 .text.avr-libc
                0x00002044      0x1b0 d:/winavr-20100110/bin/../lib/gcc/avr/4.3.3/../../../../avr/lib/avr5\libc.a(ftoa_engine.o)
                0x00002044                __ftoa_engine
 .text.avr-libc
                0x000021f4       0x16 d:/winavr-20100110/bin/../lib/gcc/avr/4.3.3/../../../../avr/lib/avr5\libc.a(strnlen_P.o)
                0x000021f4                strnlen_P
 .text.avr-libc
                0x0000220a       0x16 d:/winavr-20100110/bin/../lib/gcc/avr/4.3.3/../../../../avr/lib/avr5\libc.a(strnlen.o)
                0x0000220a                strnlen
 .text.avr-libc
                0x00002220       0x58 d:/winavr-20100110/bin/../lib/gcc/avr/4.3.3/../../../../avr/lib/avr5\libc.a(fputc.o)
                0x00002220                fputc
 .text.avr-libc
                0x00002278       0x2a d:/winavr-20100110/bin/../lib/gcc/avr/4.3.3/../../../../avr/lib/avr5\libc.a(printf.o)
                0x00002278                printf
 .text.avr-libc
                0x000022a2       0x48 d:/winavr-20100110/bin/../lib/gcc/avr/4.3.3/../../../../avr/lib/avr5\libc.a(sprintf.o)
                0x000022a2                sprintf
 .text.avr-libc
                0x000022ea       0xbc d:/winavr-20100110/bin/../lib/gcc/avr/4.3.3/../../../../avr/lib/avr5\libc.a(ultoa_invert.o)
                0x000022ea                __ultoa_invert
                0x000023a6                . = ALIGN (0x2)
 *(.fini9)
 .fini9         0x000023a6        0x0 d:/winavr-20100110/bin/../lib/gcc/avr/4.3.3/avr5\libgcc.a(_exit.o)
                0x000023a6                exit
                0x000023a6                _exit
 *(.fini9)
 *(.fini8)
 *(.fini8)
 *(.fini7)
 *(.fini7)
 *(.fini6)
 *(.fini6)
 *(.fini5)
 *(.fini5)
 *(.fini4)
 *(.fini4)
 *(.fini3)
 *(.fini3)
 *(.fini2)
 *(.fini2)
 *(.fini1)
 *(.fini1)
 *(.fini0)
 .fini0         0x000023a6        0x4 d:/winavr-20100110/bin/../lib/gcc/avr/4.3.3/avr5\libgcc.a(_exit.o)
 *(.fini0)
                0x000023aa                _etext = .

.data           0x00800100      0x1b8 load address 0x000023aa
                0x00800100                PROVIDE (__data_start, .)
 *(.data)
 .data          0x00800100        0x0 d:/winavr-20100110/bin/../lib/gcc/avr/4.3.3/../../../../avr/lib/avr5/crtm644p.o
 .data          0x00800100        0x0 d:/winavr-20100110/bin/../lib/gcc/avr/4.3.3/../../../../avr/lib/avr5\libprintf_flt.a(vfprintf_flt.o)
 .data          0x00800100        0x0 ./SRC/ADC.o
 .data          0x00800100       0x5b ./SRC/Lab1Code.o
 .data          0x0080015b       0x27 ./SRC/Lab2Code.o
 .data          0x00800182        0x0 ./SRC/USART.o
 .data          0x00800182        0x0 ./SRC/main.o
 .data          0x00800182        0x0 D:\workspace\RBELib\Release\libRBELib.a(Debug.o)
 .data          0x00800182       0x14 D:\workspace\RBELib\Release\libRBELib.a(SetServo.o)
 .data          0x00800196        0x0 d:/winavr-20100110/bin/../lib/gcc/avr/4.3.3/avr5\libgcc.a(_udivmodsi4.o)
 .data          0x00800196        0x0 d:/winavr-20100110/bin/../lib/gcc/avr/4.3.3/avr5\libgcc.a(_prologue.o)
 .data          0x00800196        0x0 d:/winavr-20100110/bin/../lib/gcc/avr/4.3.3/avr5\libgcc.a(_epilogue.o)
 .data          0x00800196        0x0 d:/winavr-20100110/bin/../lib/gcc/avr/4.3.3/avr5\libgcc.a(_exit.o)
 .data          0x00800196        0x0 d:/winavr-20100110/bin/../lib/gcc/avr/4.3.3/avr5\libgcc.a(_copy_data.o)
 .data          0x00800196        0x0 d:/winavr-20100110/bin/../lib/gcc/avr/4.3.3/avr5\libgcc.a(_clear_bss.o)
 .data          0x00800196        0x0 d:/winavr-20100110/bin/../lib/gcc/avr/4.3.3/avr5\libgcc.a(_addsub_sf.o)
 .data          0x00800196        0x0 d:/winavr-20100110/bin/../lib/gcc/avr/4.3.3/avr5\libgcc.a(_mul_sf.o)
 .data          0x00800196        0x0 d:/winavr-20100110/bin/../lib/gcc/avr/4.3.3/avr5\libgcc.a(_div_sf.o)
 .data          0x00800196        0x0 d:/winavr-20100110/bin/../lib/gcc/avr/4.3.3/avr5\libgcc.a(_gt_sf.o)
 .data          0x00800196        0x0 d:/winavr-20100110/bin/../lib/gcc/avr/4.3.3/avr5\libgcc.a(_ge_sf.o)
 .data          0x00800196        0x0 d:/winavr-20100110/bin/../lib/gcc/avr/4.3.3/avr5\libgcc.a(_si_to_sf.o)
 .data          0x00800196        0x8 d:/winavr-20100110/bin/../lib/gcc/avr/4.3.3/avr5\libgcc.a(_thenan_sf.o)
                0x00800196                __thenan_sf
 .data          0x0080019e        0x0 d:/winavr-20100110/bin/../lib/gcc/avr/4.3.3/avr5\libgcc.a(_usi_to_sf.o)
 .data          0x0080019e        0x0 d:/winavr-20100110/bin/../lib/gcc/avr/4.3.3/avr5\libgcc.a(_clzsi2.o)
 .data          0x0080019e        0x0 d:/winavr-20100110/bin/../lib/gcc/avr/4.3.3/avr5\libgcc.a(_pack_sf.o)
 .data          0x0080019e        0x0 d:/winavr-20100110/bin/../lib/gcc/avr/4.3.3/avr5\libgcc.a(_unpack_sf.o)
 .data          0x0080019e        0x0 d:/winavr-20100110/bin/../lib/gcc/avr/4.3.3/avr5\libgcc.a(_fpcmp_parts_sf.o)
 .data          0x0080019e      0x100 d:/winavr-20100110/bin/../lib/gcc/avr/4.3.3/avr5\libgcc.a(_clz.o)
                0x0080019e                __clz_tab
 .data          0x0080029e        0x0 d:/winavr-20100110/bin/../lib/gcc/avr/4.3.3/../../../../avr/lib/avr5\libc.a(ftoa_engine.o)
 .data          0x0080029e        0x0 d:/winavr-20100110/bin/../lib/gcc/avr/4.3.3/../../../../avr/lib/avr5\libc.a(strnlen_P.o)
 .data          0x0080029e        0x0 d:/winavr-20100110/bin/../lib/gcc/avr/4.3.3/../../../../avr/lib/avr5\libc.a(strnlen.o)
 .data          0x0080029e        0x0 d:/winavr-20100110/bin/../lib/gcc/avr/4.3.3/../../../../avr/lib/avr5\libc.a(fputc.o)
 .data          0x0080029e        0x0 d:/winavr-20100110/bin/../lib/gcc/avr/4.3.3/../../../../avr/lib/avr5\libc.a(iob.o)
 .data          0x0080029e        0x0 d:/winavr-20100110/bin/../lib/gcc/avr/4.3.3/../../../../avr/lib/avr5\libc.a(printf.o)
 .data          0x0080029e        0x0 d:/winavr-20100110/bin/../lib/gcc/avr/4.3.3/../../../../avr/lib/avr5\libc.a(sprintf.o)
 .data          0x0080029e        0x0 d:/winavr-20100110/bin/../lib/gcc/avr/4.3.3/../../../../avr/lib/avr5\libc.a(ultoa_invert.o)
 *(.data*)
 .data.frequency
                0x0080029e        0x4 ./SRC/Lab1Code.o
                0x0080029e                frequency
 .data.dutyCycle
                0x008002a2        0x4 ./SRC/Lab1Code.o
                0x008002a2                dutyCycle
 .data.dutyCycle2
                0x008002a6        0x4 ./SRC/Lab1Code.o
                0x008002a6                dutyCycle2
 .data.RBEOut   0x008002aa        0xe D:\workspace\RBELib\Release\libRBELib.a(Debug.o)
 *(.rodata)
 *(.rodata*)
 *(.gnu.linkonce.d*)
                0x008002b8                . = ALIGN (0x2)
                0x008002b8                _edata = .
                0x008002b8                PROVIDE (__data_end, .)

.bss            0x008002b8       0x36
                0x008002b8                PROVIDE (__bss_start, .)
 *(.bss)
 .bss           0x008002b8        0x0 d:/winavr-20100110/bin/../lib/gcc/avr/4.3.3/../../../../avr/lib/avr5/crtm644p.o
 .bss           0x008002b8        0x0 d:/winavr-20100110/bin/../lib/gcc/avr/4.3.3/../../../../avr/lib/avr5\libprintf_flt.a(vfprintf_flt.o)
 .bss           0x008002b8        0x0 ./SRC/ADC.o
 .bss           0x008002b8        0x0 ./SRC/Lab1Code.o
 .bss           0x008002b8        0x0 ./SRC/Lab2Code.o
 .bss           0x008002b8        0x0 ./SRC/USART.o
 .bss           0x008002b8        0x0 ./SRC/main.o
 .bss           0x008002b8        0x0 D:\workspace\RBELib\Release\libRBELib.a(Debug.o)
 .bss           0x008002b8        0x0 D:\workspace\RBELib\Release\libRBELib.a(SetServo.o)
 .bss           0x008002b8        0x0 d:/winavr-20100110/bin/../lib/gcc/avr/4.3.3/avr5\libgcc.a(_udivmodsi4.o)
 .bss           0x008002b8        0x0 d:/winavr-20100110/bin/../lib/gcc/avr/4.3.3/avr5\libgcc.a(_prologue.o)
 .bss           0x008002b8        0x0 d:/winavr-20100110/bin/../lib/gcc/avr/4.3.3/avr5\libgcc.a(_epilogue.o)
 .bss           0x008002b8        0x0 d:/winavr-20100110/bin/../lib/gcc/avr/4.3.3/avr5\libgcc.a(_exit.o)
 .bss           0x008002b8        0x0 d:/winavr-20100110/bin/../lib/gcc/avr/4.3.3/avr5\libgcc.a(_copy_data.o)
 .bss           0x008002b8        0x0 d:/winavr-20100110/bin/../lib/gcc/avr/4.3.3/avr5\libgcc.a(_clear_bss.o)
 .bss           0x008002b8        0x0 d:/winavr-20100110/bin/../lib/gcc/avr/4.3.3/avr5\libgcc.a(_addsub_sf.o)
 .bss           0x008002b8        0x0 d:/winavr-20100110/bin/../lib/gcc/avr/4.3.3/avr5\libgcc.a(_mul_sf.o)
 .bss           0x008002b8        0x0 d:/winavr-20100110/bin/../lib/gcc/avr/4.3.3/avr5\libgcc.a(_div_sf.o)
 .bss           0x008002b8        0x0 d:/winavr-20100110/bin/../lib/gcc/avr/4.3.3/avr5\libgcc.a(_gt_sf.o)
 .bss           0x008002b8        0x0 d:/winavr-20100110/bin/../lib/gcc/avr/4.3.3/avr5\libgcc.a(_ge_sf.o)
 .bss           0x008002b8        0x0 d:/winavr-20100110/bin/../lib/gcc/avr/4.3.3/avr5\libgcc.a(_si_to_sf.o)
 .bss           0x008002b8        0x0 d:/winavr-20100110/bin/../lib/gcc/avr/4.3.3/avr5\libgcc.a(_thenan_sf.o)
 .bss           0x008002b8        0x0 d:/winavr-20100110/bin/../lib/gcc/avr/4.3.3/avr5\libgcc.a(_usi_to_sf.o)
 .bss           0x008002b8        0x0 d:/winavr-20100110/bin/../lib/gcc/avr/4.3.3/avr5\libgcc.a(_clzsi2.o)
 .bss           0x008002b8        0x0 d:/winavr-20100110/bin/../lib/gcc/avr/4.3.3/avr5\libgcc.a(_pack_sf.o)
 .bss           0x008002b8        0x0 d:/winavr-20100110/bin/../lib/gcc/avr/4.3.3/avr5\libgcc.a(_unpack_sf.o)
 .bss           0x008002b8        0x0 d:/winavr-20100110/bin/../lib/gcc/avr/4.3.3/avr5\libgcc.a(_fpcmp_parts_sf.o)
 .bss           0x008002b8        0x0 d:/winavr-20100110/bin/../lib/gcc/avr/4.3.3/avr5\libgcc.a(_clz.o)
 .bss           0x008002b8        0x0 d:/winavr-20100110/bin/../lib/gcc/avr/4.3.3/../../../../avr/lib/avr5\libc.a(ftoa_engine.o)
 .bss           0x008002b8        0x0 d:/winavr-20100110/bin/../lib/gcc/avr/4.3.3/../../../../avr/lib/avr5\libc.a(strnlen_P.o)
 .bss           0x008002b8        0x0 d:/winavr-20100110/bin/../lib/gcc/avr/4.3.3/../../../../avr/lib/avr5\libc.a(strnlen.o)
 .bss           0x008002b8        0x0 d:/winavr-20100110/bin/../lib/gcc/avr/4.3.3/../../../../avr/lib/avr5\libc.a(fputc.o)
 .bss           0x008002b8        0x0 d:/winavr-20100110/bin/../lib/gcc/avr/4.3.3/../../../../avr/lib/avr5\libc.a(iob.o)
 .bss           0x008002b8        0x0 d:/winavr-20100110/bin/../lib/gcc/avr/4.3.3/../../../../avr/lib/avr5\libc.a(printf.o)
 .bss           0x008002b8        0x0 d:/winavr-20100110/bin/../lib/gcc/avr/4.3.3/../../../../avr/lib/avr5\libc.a(sprintf.o)
 .bss           0x008002b8        0x0 d:/winavr-20100110/bin/../lib/gcc/avr/4.3.3/../../../../avr/lib/avr5\libc.a(ultoa_invert.o)
 *(.bss*)
 .bss.time      0x008002b8        0x2 ./SRC/Lab1Code.o
                0x008002b8                time
 .bss.timerCounter
                0x008002ba        0x4 ./SRC/Lab1Code.o
                0x008002ba                timerCounter
 .bss.i         0x008002be        0x2 ./SRC/Lab1Code.o
                0x008002be                i
 .bss.globalCount
                0x008002c0        0x4 ./SRC/Lab1Code.o
                0x008002c0                globalCount
 .bss.butP      0x008002c4        0x2 ./SRC/Lab1Code.o
                0x008002c4                butP
 .bss.angle     0x008002c6        0x4 ./SRC/Lab1Code.o
                0x008002c6                angle
 .bss.value     0x008002ca        0x2 ./SRC/Lab1Code.o
                0x008002ca                value
 .bss.higByte   0x008002cc        0x2 ./SRC/Lab1Code.o
                0x008002cc                higByte
 .bss.count     0x008002ce        0x4 ./SRC/Lab1Code.o
                0x008002ce                count
 .bss.mV        0x008002d2        0x4 ./SRC/Lab1Code.o
                0x008002d2                mV
 .bss.angle2    0x008002d6        0x4 ./SRC/Lab2Code.o
                0x008002d6                angle2
 .bss.value2    0x008002da        0x2 ./SRC/Lab2Code.o
                0x008002da                value2
 .bss.higByte2  0x008002dc        0x2 ./SRC/Lab2Code.o
                0x008002dc                higByte2
 .bss.count2    0x008002de        0x4 ./SRC/Lab2Code.o
                0x008002de                count2
 .bss.mV2       0x008002e2        0x4 ./SRC/Lab2Code.o
                0x008002e2                mV2
 .bss.global    0x008002e6        0x2 ./SRC/Lab2Code.o
                0x008002e6                global
 *(COMMON)
 COMMON         0x008002e8        0x6 d:/winavr-20100110/bin/../lib/gcc/avr/4.3.3/../../../../avr/lib/avr5\libc.a(iob.o)
                0x008002e8                __iob
                0x008002ee                PROVIDE (__bss_end, .)
                0x000023aa                __data_load_start = LOADADDR (.data)
                0x00002562                __data_load_end = (__data_load_start + SIZEOF (.data))

.noinit         0x008002ee        0x0
                0x008002ee                PROVIDE (__noinit_start, .)
 *(.noinit*)
                0x008002ee                PROVIDE (__noinit_end, .)
                0x008002ee                _end = .
                0x008002ee                PROVIDE (__heap_start, .)

.eeprom         0x00810000        0x0
 *(.eeprom*)
                0x00810000                __eeprom_end = .

.fuse
 *(.fuse)
 *(.lfuse)
 *(.hfuse)
 *(.efuse)

.lock
 *(.lock*)

.signature
 *(.signature*)

.stab
 *(.stab)

.stabstr
 *(.stabstr)

.stab.excl
 *(.stab.excl)

.stab.exclstr
 *(.stab.exclstr)

.stab.index
 *(.stab.index)

.stab.indexstr
 *(.stab.indexstr)

.comment
 *(.comment)

.debug
 *(.debug)

.line
 *(.line)

.debug_srcinfo
 *(.debug_srcinfo)

.debug_sfnames
 *(.debug_sfnames)

.debug_aranges  0x00000000      0x160
 *(.debug_aranges)
 .debug_aranges
                0x00000000       0x20 d:/winavr-20100110/bin/../lib/gcc/avr/4.3.3/avr5\libgcc.a(_addsub_sf.o)
 .debug_aranges
                0x00000020       0x20 d:/winavr-20100110/bin/../lib/gcc/avr/4.3.3/avr5\libgcc.a(_mul_sf.o)
 .debug_aranges
                0x00000040       0x20 d:/winavr-20100110/bin/../lib/gcc/avr/4.3.3/avr5\libgcc.a(_div_sf.o)
 .debug_aranges
                0x00000060       0x20 d:/winavr-20100110/bin/../lib/gcc/avr/4.3.3/avr5\libgcc.a(_gt_sf.o)
 .debug_aranges
                0x00000080       0x20 d:/winavr-20100110/bin/../lib/gcc/avr/4.3.3/avr5\libgcc.a(_ge_sf.o)
 .debug_aranges
                0x000000a0       0x20 d:/winavr-20100110/bin/../lib/gcc/avr/4.3.3/avr5\libgcc.a(_si_to_sf.o)
 .debug_aranges
                0x000000c0       0x20 d:/winavr-20100110/bin/../lib/gcc/avr/4.3.3/avr5\libgcc.a(_usi_to_sf.o)
 .debug_aranges
                0x000000e0       0x20 d:/winavr-20100110/bin/../lib/gcc/avr/4.3.3/avr5\libgcc.a(_clzsi2.o)
 .debug_aranges
                0x00000100       0x20 d:/winavr-20100110/bin/../lib/gcc/avr/4.3.3/avr5\libgcc.a(_pack_sf.o)
 .debug_aranges
                0x00000120       0x20 d:/winavr-20100110/bin/../lib/gcc/avr/4.3.3/avr5\libgcc.a(_unpack_sf.o)
 .debug_aranges
                0x00000140       0x20 d:/winavr-20100110/bin/../lib/gcc/avr/4.3.3/avr5\libgcc.a(_fpcmp_parts_sf.o)

.debug_pubnames
                0x00000000      0x1b3
 *(.debug_pubnames)
 .debug_pubnames
                0x00000000       0x2c d:/winavr-20100110/bin/../lib/gcc/avr/4.3.3/avr5\libgcc.a(_addsub_sf.o)
 .debug_pubnames
                0x0000002c       0x1f d:/winavr-20100110/bin/../lib/gcc/avr/4.3.3/avr5\libgcc.a(_mul_sf.o)
 .debug_pubnames
                0x0000004b       0x1f d:/winavr-20100110/bin/../lib/gcc/avr/4.3.3/avr5\libgcc.a(_div_sf.o)
 .debug_pubnames
                0x0000006a       0x1e d:/winavr-20100110/bin/../lib/gcc/avr/4.3.3/avr5\libgcc.a(_gt_sf.o)
 .debug_pubnames
                0x00000088       0x1e d:/winavr-20100110/bin/../lib/gcc/avr/4.3.3/avr5\libgcc.a(_ge_sf.o)
 .debug_pubnames
                0x000000a6       0x22 d:/winavr-20100110/bin/../lib/gcc/avr/4.3.3/avr5\libgcc.a(_si_to_sf.o)
 .debug_pubnames
                0x000000c8       0x22 d:/winavr-20100110/bin/../lib/gcc/avr/4.3.3/avr5\libgcc.a(_thenan_sf.o)
 .debug_pubnames
                0x000000ea       0x24 d:/winavr-20100110/bin/../lib/gcc/avr/4.3.3/avr5\libgcc.a(_usi_to_sf.o)
 .debug_pubnames
                0x0000010e       0x1f d:/winavr-20100110/bin/../lib/gcc/avr/4.3.3/avr5\libgcc.a(_clzsi2.o)
 .debug_pubnames
                0x0000012d       0x1f d:/winavr-20100110/bin/../lib/gcc/avr/4.3.3/avr5\libgcc.a(_pack_sf.o)
 .debug_pubnames
                0x0000014c       0x21 d:/winavr-20100110/bin/../lib/gcc/avr/4.3.3/avr5\libgcc.a(_unpack_sf.o)
 .debug_pubnames
                0x0000016d       0x26 d:/winavr-20100110/bin/../lib/gcc/avr/4.3.3/avr5\libgcc.a(_fpcmp_parts_sf.o)
 .debug_pubnames
                0x00000193       0x20 d:/winavr-20100110/bin/../lib/gcc/avr/4.3.3/avr5\libgcc.a(_clz.o)

.debug_info     0x00000000     0x2032
 *(.debug_info)
 .debug_info    0x00000000      0x47a d:/winavr-20100110/bin/../lib/gcc/avr/4.3.3/avr5\libgcc.a(_addsub_sf.o)
 .debug_info    0x0000047a      0x485 d:/winavr-20100110/bin/../lib/gcc/avr/4.3.3/avr5\libgcc.a(_mul_sf.o)
 .debug_info    0x000008ff      0x3fc d:/winavr-20100110/bin/../lib/gcc/avr/4.3.3/avr5\libgcc.a(_div_sf.o)
 .debug_info    0x00000cfb      0x27f d:/winavr-20100110/bin/../lib/gcc/avr/4.3.3/avr5\libgcc.a(_gt_sf.o)
 .debug_info    0x00000f7a      0x27f d:/winavr-20100110/bin/../lib/gcc/avr/4.3.3/avr5\libgcc.a(_ge_sf.o)
 .debug_info    0x000011f9      0x207 d:/winavr-20100110/bin/../lib/gcc/avr/4.3.3/avr5\libgcc.a(_si_to_sf.o)
 .debug_info    0x00001400      0x12c d:/winavr-20100110/bin/../lib/gcc/avr/4.3.3/avr5\libgcc.a(_thenan_sf.o)
 .debug_info    0x0000152c      0x206 d:/winavr-20100110/bin/../lib/gcc/avr/4.3.3/avr5\libgcc.a(_usi_to_sf.o)
 .debug_info    0x00001732      0x117 d:/winavr-20100110/bin/../lib/gcc/avr/4.3.3/avr5\libgcc.a(_clzsi2.o)
 .debug_info    0x00001849      0x2df d:/winavr-20100110/bin/../lib/gcc/avr/4.3.3/avr5\libgcc.a(_pack_sf.o)
 .debug_info    0x00001b28      0x251 d:/winavr-20100110/bin/../lib/gcc/avr/4.3.3/avr5\libgcc.a(_unpack_sf.o)
 .debug_info    0x00001d79      0x210 d:/winavr-20100110/bin/../lib/gcc/avr/4.3.3/avr5\libgcc.a(_fpcmp_parts_sf.o)
 .debug_info    0x00001f89       0xa9 d:/winavr-20100110/bin/../lib/gcc/avr/4.3.3/avr5\libgcc.a(_clz.o)
 *(.gnu.linkonce.wi.*)

.debug_abbrev   0x00000000     0x1198
 *(.debug_abbrev)
 .debug_abbrev  0x00000000      0x1ea d:/winavr-20100110/bin/../lib/gcc/avr/4.3.3/avr5\libgcc.a(_addsub_sf.o)
 .debug_abbrev  0x000001ea      0x21b d:/winavr-20100110/bin/../lib/gcc/avr/4.3.3/avr5\libgcc.a(_mul_sf.o)
 .debug_abbrev  0x00000405      0x216 d:/winavr-20100110/bin/../lib/gcc/avr/4.3.3/avr5\libgcc.a(_div_sf.o)
 .debug_abbrev  0x0000061b      0x15a d:/winavr-20100110/bin/../lib/gcc/avr/4.3.3/avr5\libgcc.a(_gt_sf.o)
 .debug_abbrev  0x00000775      0x15a d:/winavr-20100110/bin/../lib/gcc/avr/4.3.3/avr5\libgcc.a(_ge_sf.o)
 .debug_abbrev  0x000008cf      0x148 d:/winavr-20100110/bin/../lib/gcc/avr/4.3.3/avr5\libgcc.a(_si_to_sf.o)
 .debug_abbrev  0x00000a17       0xad d:/winavr-20100110/bin/../lib/gcc/avr/4.3.3/avr5\libgcc.a(_thenan_sf.o)
 .debug_abbrev  0x00000ac4      0x157 d:/winavr-20100110/bin/../lib/gcc/avr/4.3.3/avr5\libgcc.a(_usi_to_sf.o)
 .debug_abbrev  0x00000c1b       0xc4 d:/winavr-20100110/bin/../lib/gcc/avr/4.3.3/avr5\libgcc.a(_clzsi2.o)
 .debug_abbrev  0x00000cdf      0x1c0 d:/winavr-20100110/bin/../lib/gcc/avr/4.3.3/avr5\libgcc.a(_pack_sf.o)
 .debug_abbrev  0x00000e9f      0x154 d:/winavr-20100110/bin/../lib/gcc/avr/4.3.3/avr5\libgcc.a(_unpack_sf.o)
 .debug_abbrev  0x00000ff3      0x13b d:/winavr-20100110/bin/../lib/gcc/avr/4.3.3/avr5\libgcc.a(_fpcmp_parts_sf.o)
 .debug_abbrev  0x0000112e       0x6a d:/winavr-20100110/bin/../lib/gcc/avr/4.3.3/avr5\libgcc.a(_clz.o)

.debug_line     0x00000000     0x1088
 *(.debug_line)
 .debug_line    0x00000000      0x2af d:/winavr-20100110/bin/../lib/gcc/avr/4.3.3/avr5\libgcc.a(_addsub_sf.o)
 .debug_line    0x000002af      0x239 d:/winavr-20100110/bin/../lib/gcc/avr/4.3.3/avr5\libgcc.a(_mul_sf.o)
 .debug_line    0x000004e8      0x1d5 d:/winavr-20100110/bin/../lib/gcc/avr/4.3.3/avr5\libgcc.a(_div_sf.o)
 .debug_line    0x000006bd       0xd3 d:/winavr-20100110/bin/../lib/gcc/avr/4.3.3/avr5\libgcc.a(_gt_sf.o)
 .debug_line    0x00000790       0xd3 d:/winavr-20100110/bin/../lib/gcc/avr/4.3.3/avr5\libgcc.a(_ge_sf.o)
 .debug_line    0x00000863      0x135 d:/winavr-20100110/bin/../lib/gcc/avr/4.3.3/avr5\libgcc.a(_si_to_sf.o)
 .debug_line    0x00000998       0x90 d:/winavr-20100110/bin/../lib/gcc/avr/4.3.3/avr5\libgcc.a(_thenan_sf.o)
 .debug_line    0x00000a28      0x133 d:/winavr-20100110/bin/../lib/gcc/avr/4.3.3/avr5\libgcc.a(_usi_to_sf.o)
 .debug_line    0x00000b5b       0xa5 d:/winavr-20100110/bin/../lib/gcc/avr/4.3.3/avr5\libgcc.a(_clzsi2.o)
 .debug_line    0x00000c00      0x18a d:/winavr-20100110/bin/../lib/gcc/avr/4.3.3/avr5\libgcc.a(_pack_sf.o)
 .debug_line    0x00000d8a      0x14b d:/winavr-20100110/bin/../lib/gcc/avr/4.3.3/avr5\libgcc.a(_unpack_sf.o)
 .debug_line    0x00000ed5      0x137 d:/winavr-20100110/bin/../lib/gcc/avr/4.3.3/avr5\libgcc.a(_fpcmp_parts_sf.o)
 .debug_line    0x0000100c       0x7c d:/winavr-20100110/bin/../lib/gcc/avr/4.3.3/avr5\libgcc.a(_clz.o)

.debug_frame    0x00000000      0x180
 *(.debug_frame)
 .debug_frame   0x00000000       0x40 d:/winavr-20100110/bin/../lib/gcc/avr/4.3.3/avr5\libgcc.a(_addsub_sf.o)
 .debug_frame   0x00000040       0x20 d:/winavr-20100110/bin/../lib/gcc/avr/4.3.3/avr5\libgcc.a(_mul_sf.o)
 .debug_frame   0x00000060       0x20 d:/winavr-20100110/bin/../lib/gcc/avr/4.3.3/avr5\libgcc.a(_div_sf.o)
 .debug_frame   0x00000080       0x20 d:/winavr-20100110/bin/../lib/gcc/avr/4.3.3/avr5\libgcc.a(_gt_sf.o)
 .debug_frame   0x000000a0       0x20 d:/winavr-20100110/bin/../lib/gcc/avr/4.3.3/avr5\libgcc.a(_ge_sf.o)
 .debug_frame   0x000000c0       0x20 d:/winavr-20100110/bin/../lib/gcc/avr/4.3.3/avr5\libgcc.a(_si_to_sf.o)
 .debug_frame   0x000000e0       0x20 d:/winavr-20100110/bin/../lib/gcc/avr/4.3.3/avr5\libgcc.a(_usi_to_sf.o)
 .debug_frame   0x00000100       0x20 d:/winavr-20100110/bin/../lib/gcc/avr/4.3.3/avr5\libgcc.a(_clzsi2.o)
 .debug_frame   0x00000120       0x20 d:/winavr-20100110/bin/../lib/gcc/avr/4.3.3/avr5\libgcc.a(_pack_sf.o)
 .debug_frame   0x00000140       0x20 d:/winavr-20100110/bin/../lib/gcc/avr/4.3.3/avr5\libgcc.a(_unpack_sf.o)
 .debug_frame   0x00000160       0x20 d:/winavr-20100110/bin/../lib/gcc/avr/4.3.3/avr5\libgcc.a(_fpcmp_parts_sf.o)

.debug_str      0x00000000      0x2e8
 *(.debug_str)
 .debug_str     0x00000000      0x19e d:/winavr-20100110/bin/../lib/gcc/avr/4.3.3/avr5\libgcc.a(_addsub_sf.o)
                                0x206 (size before relaxing)
 .debug_str     0x0000019e       0x27 d:/winavr-20100110/bin/../lib/gcc/avr/4.3.3/avr5\libgcc.a(_mul_sf.o)
                                0x1bf (size before relaxing)
 .debug_str     0x000001c5       0x35 d:/winavr-20100110/bin/../lib/gcc/avr/4.3.3/avr5\libgcc.a(_div_sf.o)
                                0x1c8 (size before relaxing)
 .debug_str     0x000001fa        0x8 d:/winavr-20100110/bin/../lib/gcc/avr/4.3.3/avr5\libgcc.a(_gt_sf.o)
                                0x195 (size before relaxing)
 .debug_str     0x00000202        0x8 d:/winavr-20100110/bin/../lib/gcc/avr/4.3.3/avr5\libgcc.a(_ge_sf.o)
                                0x195 (size before relaxing)
 .debug_str     0x0000020a       0x1e d:/winavr-20100110/bin/../lib/gcc/avr/4.3.3/avr5\libgcc.a(_si_to_sf.o)
                                0x17b (size before relaxing)
 .debug_str     0x00000000      0x103 d:/winavr-20100110/bin/../lib/gcc/avr/4.3.3/avr5\libgcc.a(_thenan_sf.o)
 .debug_str     0x00000228       0x14 d:/winavr-20100110/bin/../lib/gcc/avr/4.3.3/avr5\libgcc.a(_usi_to_sf.o)
                                0x177 (size before relaxing)
 .debug_str     0x0000023c       0x81 d:/winavr-20100110/bin/../lib/gcc/avr/4.3.3/avr5\libgcc.a(_clzsi2.o)
                                0x111 (size before relaxing)
 .debug_str     0x000002bd       0x10 d:/winavr-20100110/bin/../lib/gcc/avr/4.3.3/avr5\libgcc.a(_pack_sf.o)
                                0x19d (size before relaxing)
 .debug_str     0x000002cd        0xb d:/winavr-20100110/bin/../lib/gcc/avr/4.3.3/avr5\libgcc.a(_unpack_sf.o)
                                0x17f (size before relaxing)
 .debug_str     0x000002d8       0x10 d:/winavr-20100110/bin/../lib/gcc/avr/4.3.3/avr5\libgcc.a(_fpcmp_parts_sf.o)
                                0x163 (size before relaxing)
 .debug_str     0x00000000       0xf4 d:/winavr-20100110/bin/../lib/gcc/avr/4.3.3/avr5\libgcc.a(_clz.o)

.debug_loc      0x00000000      0x92c
 *(.debug_loc)
 .debug_loc     0x00000000      0x32a d:/winavr-20100110/bin/../lib/gcc/avr/4.3.3/avr5\libgcc.a(_addsub_sf.o)
 .debug_loc     0x0000032a      0x104 d:/winavr-20100110/bin/../lib/gcc/avr/4.3.3/avr5\libgcc.a(_mul_sf.o)
 .debug_loc     0x0000042e       0xc0 d:/winavr-20100110/bin/../lib/gcc/avr/4.3.3/avr5\libgcc.a(_div_sf.o)
 .debug_loc     0x000004ee       0x3c d:/winavr-20100110/bin/../lib/gcc/avr/4.3.3/avr5\libgcc.a(_gt_sf.o)
 .debug_loc     0x0000052a       0x3c d:/winavr-20100110/bin/../lib/gcc/avr/4.3.3/avr5\libgcc.a(_ge_sf.o)
 .debug_loc     0x00000566       0xac d:/winavr-20100110/bin/../lib/gcc/avr/4.3.3/avr5\libgcc.a(_si_to_sf.o)
 .debug_loc     0x00000612       0x4c d:/winavr-20100110/bin/../lib/gcc/avr/4.3.3/avr5\libgcc.a(_usi_to_sf.o)
 .debug_loc     0x0000065e       0x94 d:/winavr-20100110/bin/../lib/gcc/avr/4.3.3/avr5\libgcc.a(_clzsi2.o)
 .debug_loc     0x000006f2      0x13e d:/winavr-20100110/bin/../lib/gcc/avr/4.3.3/avr5\libgcc.a(_pack_sf.o)
 .debug_loc     0x00000830       0xac d:/winavr-20100110/bin/../lib/gcc/avr/4.3.3/avr5\libgcc.a(_unpack_sf.o)
 .debug_loc     0x000008dc       0x50 d:/winavr-20100110/bin/../lib/gcc/avr/4.3.3/avr5\libgcc.a(_fpcmp_parts_sf.o)

.debug_macinfo
 *(.debug_macinfo)
OUTPUT(RBE3001_Team13.elf elf32-avr)
LOAD linker stubs

.debug_ranges   0x00000000       0x50
 .debug_ranges  0x00000000       0x50 d:/winavr-20100110/bin/../lib/gcc/avr/4.3.3/avr5\libgcc.a(_mul_sf.o)
