Archive member included because of file (symbol)

d:/winavr-20100110/bin/../lib/gcc/avr/4.3.3/../../../../avr/lib/avr5\libprintf_flt.a(vfprintf_flt.o)
                              (vfprintf)
D:\workspace\RBELib\Release\libRBELib.a(SetServo.o)
                              ./SRC/Final.o (setServo)
D:\workspace\RBELib\Release\libRBELib.a(Debug.o)
                              ./SRC/main.o (initRBELib)
d:/winavr-20100110/bin/../lib/gcc/avr/4.3.3/../../../../avr/lib/avr5\libm.a(acos.o)
                              ./SRC/Kinematics.o (acos)
d:/winavr-20100110/bin/../lib/gcc/avr/4.3.3/../../../../avr/lib/avr5\libm.a(addsf3.o)
                              ./SRC/Final.o (__subsf3)
d:/winavr-20100110/bin/../lib/gcc/avr/4.3.3/../../../../avr/lib/avr5\libm.a(addsf3x.o)
                              d:/winavr-20100110/bin/../lib/gcc/avr/4.3.3/../../../../avr/lib/avr5\libm.a(acos.o) (__addsf3x)
d:/winavr-20100110/bin/../lib/gcc/avr/4.3.3/../../../../avr/lib/avr5\libm.a(cmpsf2.o)
                              ./SRC/Final.o (__lesf2)
d:/winavr-20100110/bin/../lib/gcc/avr/4.3.3/../../../../avr/lib/avr5\libm.a(cos.o)
                              ./SRC/Kinematics.o (cos)
d:/winavr-20100110/bin/../lib/gcc/avr/4.3.3/../../../../avr/lib/avr5\libm.a(divsf3.o)
                              ./SRC/Final.o (__divsf3)
d:/winavr-20100110/bin/../lib/gcc/avr/4.3.3/../../../../avr/lib/avr5\libm.a(divsf3x.o)
                              d:/winavr-20100110/bin/../lib/gcc/avr/4.3.3/../../../../avr/lib/avr5\libm.a(divsf3.o) (__divsf3x)
d:/winavr-20100110/bin/../lib/gcc/avr/4.3.3/../../../../avr/lib/avr5\libm.a(fixsfsi.o)
                              ./SRC/Final.o (__fixsfsi)
d:/winavr-20100110/bin/../lib/gcc/avr/4.3.3/../../../../avr/lib/avr5\libm.a(fixunssfsi.o)
                              d:/winavr-20100110/bin/../lib/gcc/avr/4.3.3/../../../../avr/lib/avr5\libm.a(fixsfsi.o) (__fixunssfsi)
d:/winavr-20100110/bin/../lib/gcc/avr/4.3.3/../../../../avr/lib/avr5\libm.a(floatsisf.o)
                              ./SRC/Lab1Code.o (__floatunsisf)
d:/winavr-20100110/bin/../lib/gcc/avr/4.3.3/../../../../avr/lib/avr5\libm.a(fp_arccos.o)
                              d:/winavr-20100110/bin/../lib/gcc/avr/4.3.3/../../../../avr/lib/avr5\libm.a(acos.o) (__fp_arccos)
d:/winavr-20100110/bin/../lib/gcc/avr/4.3.3/../../../../avr/lib/avr5\libm.a(fp_cmp.o)
                              d:/winavr-20100110/bin/../lib/gcc/avr/4.3.3/../../../../avr/lib/avr5\libm.a(cmpsf2.o) (__fp_cmp)
d:/winavr-20100110/bin/../lib/gcc/avr/4.3.3/../../../../avr/lib/avr5\libm.a(fp_inf.o)
                              d:/winavr-20100110/bin/../lib/gcc/avr/4.3.3/../../../../avr/lib/avr5\libm.a(addsf3x.o) (__fp_inf)
d:/winavr-20100110/bin/../lib/gcc/avr/4.3.3/../../../../avr/lib/avr5\libm.a(fp_nan.o)
                              d:/winavr-20100110/bin/../lib/gcc/avr/4.3.3/../../../../avr/lib/avr5\libm.a(addsf3x.o) (__fp_nan)
d:/winavr-20100110/bin/../lib/gcc/avr/4.3.3/../../../../avr/lib/avr5\libm.a(fp_powser.o)
                              d:/winavr-20100110/bin/../lib/gcc/avr/4.3.3/../../../../avr/lib/avr5\libm.a(fp_arccos.o) (__fp_powser)
d:/winavr-20100110/bin/../lib/gcc/avr/4.3.3/../../../../avr/lib/avr5\libm.a(fp_pscA.o)
                              d:/winavr-20100110/bin/../lib/gcc/avr/4.3.3/../../../../avr/lib/avr5\libm.a(addsf3x.o) (__fp_pscA)
d:/winavr-20100110/bin/../lib/gcc/avr/4.3.3/../../../../avr/lib/avr5\libm.a(fp_pscB.o)
                              d:/winavr-20100110/bin/../lib/gcc/avr/4.3.3/../../../../avr/lib/avr5\libm.a(addsf3x.o) (__fp_pscB)
d:/winavr-20100110/bin/../lib/gcc/avr/4.3.3/../../../../avr/lib/avr5\libm.a(fp_rempio2.o)
                              d:/winavr-20100110/bin/../lib/gcc/avr/4.3.3/../../../../avr/lib/avr5\libm.a(cos.o) (__fp_rempio2)
d:/winavr-20100110/bin/../lib/gcc/avr/4.3.3/../../../../avr/lib/avr5\libm.a(fp_round.o)
                              d:/winavr-20100110/bin/../lib/gcc/avr/4.3.3/../../../../avr/lib/avr5\libm.a(acos.o) (__fp_round)
d:/winavr-20100110/bin/../lib/gcc/avr/4.3.3/../../../../avr/lib/avr5\libm.a(fp_sinus.o)
                              d:/winavr-20100110/bin/../lib/gcc/avr/4.3.3/../../../../avr/lib/avr5\libm.a(cos.o) (__fp_sinus)
d:/winavr-20100110/bin/../lib/gcc/avr/4.3.3/../../../../avr/lib/avr5\libm.a(fp_split3.o)
                              d:/winavr-20100110/bin/../lib/gcc/avr/4.3.3/../../../../avr/lib/avr5\libm.a(addsf3x.o) (__fp_split3)
d:/winavr-20100110/bin/../lib/gcc/avr/4.3.3/../../../../avr/lib/avr5\libm.a(fp_zero.o)
                              d:/winavr-20100110/bin/../lib/gcc/avr/4.3.3/../../../../avr/lib/avr5\libm.a(addsf3x.o) (__fp_zero)
d:/winavr-20100110/bin/../lib/gcc/avr/4.3.3/../../../../avr/lib/avr5\libm.a(gesf2.o)
                              ./SRC/Final.o (__gesf2)
d:/winavr-20100110/bin/../lib/gcc/avr/4.3.3/../../../../avr/lib/avr5\libm.a(mulsf3.o)
                              ./SRC/Final.o (__mulsf3)
d:/winavr-20100110/bin/../lib/gcc/avr/4.3.3/../../../../avr/lib/avr5\libm.a(mulsf3x.o)
                              d:/winavr-20100110/bin/../lib/gcc/avr/4.3.3/../../../../avr/lib/avr5\libm.a(fp_arccos.o) (__mulsf3x)
d:/winavr-20100110/bin/../lib/gcc/avr/4.3.3/../../../../avr/lib/avr5\libm.a(sin.o)
                              ./SRC/Kinematics.o (sin)
d:/winavr-20100110/bin/../lib/gcc/avr/4.3.3/../../../../avr/lib/avr5\libm.a(sqrt.o)
                              d:/winavr-20100110/bin/../lib/gcc/avr/4.3.3/../../../../avr/lib/avr5\libm.a(fp_arccos.o) (sqrt)
d:/winavr-20100110/bin/../lib/gcc/avr/4.3.3/../../../../avr/lib/avr5\libm.a(fp_mpack.o)
                              d:/winavr-20100110/bin/../lib/gcc/avr/4.3.3/../../../../avr/lib/avr5\libm.a(sqrt.o) (__fp_mpack)
d:/winavr-20100110/bin/../lib/gcc/avr/4.3.3/../../../../avr/lib/avr5\libm.a(fp_norm2.o)
                              d:/winavr-20100110/bin/../lib/gcc/avr/4.3.3/../../../../avr/lib/avr5\libm.a(sqrt.o) (__fp_norm2)
d:/winavr-20100110/bin/../lib/gcc/avr/4.3.3/../../../../avr/lib/avr5\libm.a(fp_powsodd.o)
                              d:/winavr-20100110/bin/../lib/gcc/avr/4.3.3/../../../../avr/lib/avr5\libm.a(fp_sinus.o) (__fp_powsodd)
d:/winavr-20100110/bin/../lib/gcc/avr/4.3.3/avr5\libgcc.a(_udivmodsi4.o)
                              ./SRC/USART.o (__udivmodsi4)
d:/winavr-20100110/bin/../lib/gcc/avr/4.3.3/avr5\libgcc.a(_prologue.o)
                              d:/winavr-20100110/bin/../lib/gcc/avr/4.3.3/../../../../avr/lib/avr5\libprintf_flt.a(vfprintf_flt.o) (__prologue_saves__)
d:/winavr-20100110/bin/../lib/gcc/avr/4.3.3/avr5\libgcc.a(_epilogue.o)
                              d:/winavr-20100110/bin/../lib/gcc/avr/4.3.3/../../../../avr/lib/avr5\libprintf_flt.a(vfprintf_flt.o) (__epilogue_restores__)
d:/winavr-20100110/bin/../lib/gcc/avr/4.3.3/avr5\libgcc.a(_exit.o)
                              d:/winavr-20100110/bin/../lib/gcc/avr/4.3.3/../../../../avr/lib/avr5/crtm644p.o (exit)
d:/winavr-20100110/bin/../lib/gcc/avr/4.3.3/avr5\libgcc.a(_copy_data.o)
                              ./SRC/DAC.o (__do_copy_data)
d:/winavr-20100110/bin/../lib/gcc/avr/4.3.3/avr5\libgcc.a(_clear_bss.o)
                              ./SRC/DAC.o (__do_clear_bss)
d:/winavr-20100110/bin/../lib/gcc/avr/4.3.3/../../../../avr/lib/avr5\libc.a(ftoa_engine.o)
                              d:/winavr-20100110/bin/../lib/gcc/avr/4.3.3/../../../../avr/lib/avr5\libprintf_flt.a(vfprintf_flt.o) (__ftoa_engine)
d:/winavr-20100110/bin/../lib/gcc/avr/4.3.3/../../../../avr/lib/avr5\libc.a(strnlen_P.o)
                              d:/winavr-20100110/bin/../lib/gcc/avr/4.3.3/../../../../avr/lib/avr5\libprintf_flt.a(vfprintf_flt.o) (strnlen_P)
d:/winavr-20100110/bin/../lib/gcc/avr/4.3.3/../../../../avr/lib/avr5\libc.a(strnlen.o)
                              d:/winavr-20100110/bin/../lib/gcc/avr/4.3.3/../../../../avr/lib/avr5\libprintf_flt.a(vfprintf_flt.o) (strnlen)
d:/winavr-20100110/bin/../lib/gcc/avr/4.3.3/../../../../avr/lib/avr5\libc.a(fputc.o)
                              d:/winavr-20100110/bin/../lib/gcc/avr/4.3.3/../../../../avr/lib/avr5\libprintf_flt.a(vfprintf_flt.o) (fputc)
d:/winavr-20100110/bin/../lib/gcc/avr/4.3.3/../../../../avr/lib/avr5\libc.a(iob.o)
                              D:\workspace\RBELib\Release\libRBELib.a(Debug.o) (__iob)
d:/winavr-20100110/bin/../lib/gcc/avr/4.3.3/../../../../avr/lib/avr5\libc.a(printf.o)
                              ./SRC/Lab1Code.o (printf)
d:/winavr-20100110/bin/../lib/gcc/avr/4.3.3/../../../../avr/lib/avr5\libc.a(puts.o)
                              ./SRC/Final.o (puts)
d:/winavr-20100110/bin/../lib/gcc/avr/4.3.3/../../../../avr/lib/avr5\libc.a(sprintf.o)
                              D:\workspace\RBELib\Release\libRBELib.a(SetServo.o) (sprintf)
d:/winavr-20100110/bin/../lib/gcc/avr/4.3.3/../../../../avr/lib/avr5\libc.a(ultoa_invert.o)
                              d:/winavr-20100110/bin/../lib/gcc/avr/4.3.3/../../../../avr/lib/avr5\libprintf_flt.a(vfprintf_flt.o) (__ultoa_invert)

Allocating common symbols
Common symbol       size              file

PID                 0x18              ./SRC/PID.o
intTime             0x4               ./SRC/Lab2Code.o
__iob               0x6               d:/winavr-20100110/bin/../lib/gcc/avr/4.3.3/../../../../avr/lib/avr5\libc.a(iob.o)

Memory Configuration

Name             Origin             Length             Attributes
text             0x00000000         0x00020000         xr
data             0x00800060         0x0000ffa0         rw !x
eeprom           0x00810000         0x00010000         rw !x
fuse             0x00820000         0x00000400         rw !x
lock             0x00830000         0x00000400         rw !x
signature        0x00840000         0x00000400         rw !x
*default*        0x00000000         0xffffffff

Linker script and memory map

Address of section .data set to 0x800100
LOAD d:/winavr-20100110/bin/../lib/gcc/avr/4.3.3/../../../../avr/lib/avr5/crtm644p.o
LOAD d:/winavr-20100110/bin/../lib/gcc/avr/4.3.3/../../../../avr/lib/avr5\libprintf_flt.a
LOAD d:/winavr-20100110/bin/../lib/gcc/avr/4.3.3/../../../../avr/lib/avr5\libm.a
LOAD ./SRC/ADC.o
LOAD ./SRC/DAC.o
LOAD ./SRC/Final.o
LOAD ./SRC/Kinematics.o
LOAD ./SRC/Lab1Code.o
LOAD ./SRC/Lab2Code.o
LOAD ./SRC/PID.o
LOAD ./SRC/SPI.o
LOAD ./SRC/USART.o
LOAD ./SRC/main.o
LOAD ./SRC/timer.o
LOAD D:\workspace\RBELib\Release\libRBELib.a
LOAD d:/winavr-20100110/bin/../lib/gcc/avr/4.3.3/../../../../avr/lib/avr5\libm.a
LOAD d:/winavr-20100110/bin/../lib/gcc/avr/4.3.3/avr5\libgcc.a
LOAD d:/winavr-20100110/bin/../lib/gcc/avr/4.3.3/../../../../avr/lib/avr5\libc.a
LOAD d:/winavr-20100110/bin/../lib/gcc/avr/4.3.3/avr5\libgcc.a

.hash
 *(.hash)

.dynsym
 *(.dynsym)

.dynstr
 *(.dynstr)

.gnu.version
 *(.gnu.version)

.gnu.version_d
 *(.gnu.version_d)

.gnu.version_r
 *(.gnu.version_r)

.rel.init
 *(.rel.init)

.rela.init
 *(.rela.init)

.rel.text
 *(.rel.text)
 *(.rel.text.*)
 *(.rel.gnu.linkonce.t*)

.rela.text
 *(.rela.text)
 *(.rela.text.*)
 *(.rela.gnu.linkonce.t*)

.rel.fini
 *(.rel.fini)

.rela.fini
 *(.rela.fini)

.rel.rodata
 *(.rel.rodata)
 *(.rel.rodata.*)
 *(.rel.gnu.linkonce.r*)

.rela.rodata
 *(.rela.rodata)
 *(.rela.rodata.*)
 *(.rela.gnu.linkonce.r*)

.rel.data
 *(.rel.data)
 *(.rel.data.*)
 *(.rel.gnu.linkonce.d*)

.rela.data
 *(.rela.data)
 *(.rela.data.*)
 *(.rela.gnu.linkonce.d*)

.rel.ctors
 *(.rel.ctors)

.rela.ctors
 *(.rela.ctors)

.rel.dtors
 *(.rel.dtors)

.rela.dtors
 *(.rela.dtors)

.rel.got
 *(.rel.got)

.rela.got
 *(.rela.got)

.rel.bss
 *(.rel.bss)

.rela.bss
 *(.rela.bss)

.rel.plt
 *(.rel.plt)

.rela.plt
 *(.rela.plt)

.text           0x00000000     0x2ddc
 *(.vectors)
 .vectors       0x00000000       0x7c d:/winavr-20100110/bin/../lib/gcc/avr/4.3.3/../../../../avr/lib/avr5/crtm644p.o
                0x00000000                __vectors
                0x00000000                __vector_default
 *(.vectors)
 *(.progmem.gcc*)
 .progmem.gcc_fplib
                0x0000007c       0x28 d:/winavr-20100110/bin/../lib/gcc/avr/4.3.3/../../../../avr/lib/avr5\libm.a(fp_arccos.o)
 .progmem.gcc_fplib
                0x000000a4       0x1e d:/winavr-20100110/bin/../lib/gcc/avr/4.3.3/../../../../avr/lib/avr5\libm.a(fp_sinus.o)
 *(.progmem*)
 .progmem.data  0x000000c2        0x8 d:/winavr-20100110/bin/../lib/gcc/avr/4.3.3/../../../../avr/lib/avr5\libprintf_flt.a(vfprintf_flt.o)
 .progmem.data  0x000000ca       0xfa d:/winavr-20100110/bin/../lib/gcc/avr/4.3.3/../../../../avr/lib/avr5\libc.a(ftoa_engine.o)
                0x000001c4                . = ALIGN (0x2)
                0x000001c4                __trampolines_start = .
 *(.trampolines)
 .trampolines   0x000001c4        0x0 linker stubs
 *(.trampolines*)
                0x000001c4                __trampolines_end = .
 *(.jumptables)
 *(.jumptables*)
 *(.lowtext)
 *(.lowtext*)
                0x000001c4                __ctors_start = .
 *(.ctors)
                0x000001c4                __ctors_end = .
                0x000001c4                __dtors_start = .
 *(.dtors)
                0x000001c4                __dtors_end = .
 SORT(*)(.ctors)
 SORT(*)(.dtors)
 *(.init0)
 .init0         0x000001c4        0x0 d:/winavr-20100110/bin/../lib/gcc/avr/4.3.3/../../../../avr/lib/avr5/crtm644p.o
                0x000001c4                __init
 *(.init0)
 *(.init1)
 *(.init1)
 *(.init2)
 .init2         0x000001c4        0xc d:/winavr-20100110/bin/../lib/gcc/avr/4.3.3/../../../../avr/lib/avr5/crtm644p.o
 *(.init2)
 *(.init3)
 *(.init3)
 *(.init4)
 .init4         0x000001d0       0x16 d:/winavr-20100110/bin/../lib/gcc/avr/4.3.3/avr5\libgcc.a(_copy_data.o)
                0x000001d0                __do_copy_data
 .init4         0x000001e6       0x10 d:/winavr-20100110/bin/../lib/gcc/avr/4.3.3/avr5\libgcc.a(_clear_bss.o)
                0x000001e6                __do_clear_bss
 *(.init4)
 *(.init5)
 *(.init5)
 *(.init6)
 *(.init6)
 *(.init7)
 *(.init7)
 *(.init8)
 *(.init8)
 *(.init9)
 .init9         0x000001f6        0x8 d:/winavr-20100110/bin/../lib/gcc/avr/4.3.3/../../../../avr/lib/avr5/crtm644p.o
 *(.init9)
 *(.text)
 .text          0x000001fe        0x4 d:/winavr-20100110/bin/../lib/gcc/avr/4.3.3/../../../../avr/lib/avr5/crtm644p.o
                0x000001fe                __vector_22
                0x000001fe                __vector_28
                0x000001fe                __vector_1
                0x000001fe                __vector_24
                0x000001fe                __vector_12
                0x000001fe                __bad_interrupt
                0x000001fe                __vector_6
                0x000001fe                __vector_3
                0x000001fe                __vector_23
                0x000001fe                __vector_30
                0x000001fe                __vector_25
                0x000001fe                __vector_11
                0x000001fe                __vector_13
                0x000001fe                __vector_17
                0x000001fe                __vector_19
                0x000001fe                __vector_7
                0x000001fe                __vector_27
                0x000001fe                __vector_5
                0x000001fe                __vector_4
                0x000001fe                __vector_9
                0x000001fe                __vector_2
                0x000001fe                __vector_21
                0x000001fe                __vector_15
                0x000001fe                __vector_29
                0x000001fe                __vector_8
                0x000001fe                __vector_26
                0x000001fe                __vector_14
                0x000001fe                __vector_10
                0x000001fe                __vector_18
                0x000001fe                __vector_20
 .text          0x00000202        0x0 d:/winavr-20100110/bin/../lib/gcc/avr/4.3.3/../../../../avr/lib/avr5\libprintf_flt.a(vfprintf_flt.o)
 .text          0x00000202        0x0 ./SRC/ADC.o
 .text          0x00000202        0x0 ./SRC/DAC.o
 .text          0x00000202        0x0 ./SRC/Final.o
 .text          0x00000202        0x0 ./SRC/Kinematics.o
 .text          0x00000202        0x0 ./SRC/Lab1Code.o
 .text          0x00000202        0x0 ./SRC/Lab2Code.o
 .text          0x00000202        0x0 ./SRC/PID.o
 .text          0x00000202        0x0 ./SRC/SPI.o
 .text          0x00000202        0x0 ./SRC/USART.o
 .text          0x00000202        0x0 ./SRC/main.o
 .text          0x00000202        0x0 ./SRC/timer.o
 .text          0x00000202        0x0 D:\workspace\RBELib\Release\libRBELib.a(SetServo.o)
 .text          0x00000202        0x0 D:\workspace\RBELib\Release\libRBELib.a(Debug.o)
 .text          0x00000202        0x0 d:/winavr-20100110/bin/../lib/gcc/avr/4.3.3/../../../../avr/lib/avr5\libm.a(acos.o)
 .text          0x00000202        0x0 d:/winavr-20100110/bin/../lib/gcc/avr/4.3.3/../../../../avr/lib/avr5\libm.a(addsf3.o)
 .text          0x00000202        0x0 d:/winavr-20100110/bin/../lib/gcc/avr/4.3.3/../../../../avr/lib/avr5\libm.a(addsf3x.o)
 .text          0x00000202        0x0 d:/winavr-20100110/bin/../lib/gcc/avr/4.3.3/../../../../avr/lib/avr5\libm.a(cmpsf2.o)
 .text          0x00000202        0x0 d:/winavr-20100110/bin/../lib/gcc/avr/4.3.3/../../../../avr/lib/avr5\libm.a(cos.o)
 .text          0x00000202        0x0 d:/winavr-20100110/bin/../lib/gcc/avr/4.3.3/../../../../avr/lib/avr5\libm.a(divsf3.o)
 .text          0x00000202        0x0 d:/winavr-20100110/bin/../lib/gcc/avr/4.3.3/../../../../avr/lib/avr5\libm.a(divsf3x.o)
 .text          0x00000202        0x0 d:/winavr-20100110/bin/../lib/gcc/avr/4.3.3/../../../../avr/lib/avr5\libm.a(fixsfsi.o)
 .text          0x00000202        0x0 d:/winavr-20100110/bin/../lib/gcc/avr/4.3.3/../../../../avr/lib/avr5\libm.a(fixunssfsi.o)
 .text          0x00000202        0x0 d:/winavr-20100110/bin/../lib/gcc/avr/4.3.3/../../../../avr/lib/avr5\libm.a(floatsisf.o)
 .text          0x00000202        0x0 d:/winavr-20100110/bin/../lib/gcc/avr/4.3.3/../../../../avr/lib/avr5\libm.a(fp_arccos.o)
 .text          0x00000202        0x0 d:/winavr-20100110/bin/../lib/gcc/avr/4.3.3/../../../../avr/lib/avr5\libm.a(fp_cmp.o)
 .text          0x00000202        0x0 d:/winavr-20100110/bin/../lib/gcc/avr/4.3.3/../../../../avr/lib/avr5\libm.a(fp_inf.o)
 .text          0x00000202        0x0 d:/winavr-20100110/bin/../lib/gcc/avr/4.3.3/../../../../avr/lib/avr5\libm.a(fp_nan.o)
 .text          0x00000202        0x0 d:/winavr-20100110/bin/../lib/gcc/avr/4.3.3/../../../../avr/lib/avr5\libm.a(fp_powser.o)
 .text          0x00000202        0x0 d:/winavr-20100110/bin/../lib/gcc/avr/4.3.3/../../../../avr/lib/avr5\libm.a(fp_pscA.o)
 .text          0x00000202        0x0 d:/winavr-20100110/bin/../lib/gcc/avr/4.3.3/../../../../avr/lib/avr5\libm.a(fp_pscB.o)
 .text          0x00000202        0x0 d:/winavr-20100110/bin/../lib/gcc/avr/4.3.3/../../../../avr/lib/avr5\libm.a(fp_rempio2.o)
 .text          0x00000202        0x0 d:/winavr-20100110/bin/../lib/gcc/avr/4.3.3/../../../../avr/lib/avr5\libm.a(fp_round.o)
 .text          0x00000202        0x0 d:/winavr-20100110/bin/../lib/gcc/avr/4.3.3/../../../../avr/lib/avr5\libm.a(fp_sinus.o)
 .text          0x00000202        0x0 d:/winavr-20100110/bin/../lib/gcc/avr/4.3.3/../../../../avr/lib/avr5\libm.a(fp_split3.o)
 .text          0x00000202        0x0 d:/winavr-20100110/bin/../lib/gcc/avr/4.3.3/../../../../avr/lib/avr5\libm.a(fp_zero.o)
 .text          0x00000202        0x0 d:/winavr-20100110/bin/../lib/gcc/avr/4.3.3/../../../../avr/lib/avr5\libm.a(gesf2.o)
 .text          0x00000202        0x0 d:/winavr-20100110/bin/../lib/gcc/avr/4.3.3/../../../../avr/lib/avr5\libm.a(mulsf3.o)
 .text          0x00000202        0x0 d:/winavr-20100110/bin/../lib/gcc/avr/4.3.3/../../../../avr/lib/avr5\libm.a(mulsf3x.o)
 .text          0x00000202        0x0 d:/winavr-20100110/bin/../lib/gcc/avr/4.3.3/../../../../avr/lib/avr5\libm.a(sin.o)
 .text          0x00000202        0x0 d:/winavr-20100110/bin/../lib/gcc/avr/4.3.3/../../../../avr/lib/avr5\libm.a(sqrt.o)
 .text          0x00000202        0x0 d:/winavr-20100110/bin/../lib/gcc/avr/4.3.3/../../../../avr/lib/avr5\libm.a(fp_mpack.o)
 .text          0x00000202        0x0 d:/winavr-20100110/bin/../lib/gcc/avr/4.3.3/../../../../avr/lib/avr5\libm.a(fp_norm2.o)
 .text          0x00000202        0x0 d:/winavr-20100110/bin/../lib/gcc/avr/4.3.3/../../../../avr/lib/avr5\libm.a(fp_powsodd.o)
 .text          0x00000202        0x0 d:/winavr-20100110/bin/../lib/gcc/avr/4.3.3/avr5\libgcc.a(_udivmodsi4.o)
 .text          0x00000202        0x0 d:/winavr-20100110/bin/../lib/gcc/avr/4.3.3/avr5\libgcc.a(_prologue.o)
 .text          0x00000202        0x0 d:/winavr-20100110/bin/../lib/gcc/avr/4.3.3/avr5\libgcc.a(_epilogue.o)
 .text          0x00000202        0x0 d:/winavr-20100110/bin/../lib/gcc/avr/4.3.3/avr5\libgcc.a(_exit.o)
 .text          0x00000202        0x0 d:/winavr-20100110/bin/../lib/gcc/avr/4.3.3/avr5\libgcc.a(_copy_data.o)
 .text          0x00000202        0x0 d:/winavr-20100110/bin/../lib/gcc/avr/4.3.3/avr5\libgcc.a(_clear_bss.o)
 .text          0x00000202        0x0 d:/winavr-20100110/bin/../lib/gcc/avr/4.3.3/../../../../avr/lib/avr5\libc.a(ftoa_engine.o)
 .text          0x00000202        0x0 d:/winavr-20100110/bin/../lib/gcc/avr/4.3.3/../../../../avr/lib/avr5\libc.a(strnlen_P.o)
 .text          0x00000202        0x0 d:/winavr-20100110/bin/../lib/gcc/avr/4.3.3/../../../../avr/lib/avr5\libc.a(strnlen.o)
 .text          0x00000202        0x0 d:/winavr-20100110/bin/../lib/gcc/avr/4.3.3/../../../../avr/lib/avr5\libc.a(fputc.o)
 .text          0x00000202        0x0 d:/winavr-20100110/bin/../lib/gcc/avr/4.3.3/../../../../avr/lib/avr5\libc.a(iob.o)
 .text          0x00000202        0x0 d:/winavr-20100110/bin/../lib/gcc/avr/4.3.3/../../../../avr/lib/avr5\libc.a(printf.o)
 .text          0x00000202        0x0 d:/winavr-20100110/bin/../lib/gcc/avr/4.3.3/../../../../avr/lib/avr5\libc.a(puts.o)
 .text          0x00000202        0x0 d:/winavr-20100110/bin/../lib/gcc/avr/4.3.3/../../../../avr/lib/avr5\libc.a(sprintf.o)
 .text          0x00000202        0x0 d:/winavr-20100110/bin/../lib/gcc/avr/4.3.3/../../../../avr/lib/avr5\libc.a(ultoa_invert.o)
                0x00000202                . = ALIGN (0x2)
 *(.text.*)
 .text.avr-libc
                0x00000202      0x70e d:/winavr-20100110/bin/../lib/gcc/avr/4.3.3/../../../../avr/lib/avr5\libprintf_flt.a(vfprintf_flt.o)
                0x00000202                vfprintf
 .text.initADC  0x00000910       0x1c ./SRC/ADC.o
                0x00000910                initADC
 .text.readADC2
                0x0000092c       0x38 ./SRC/ADC.o
                0x0000092c                readADC2
 .text.setDAC   0x00000964       0x8c ./SRC/DAC.o
                0x00000964                setDAC
 .text.Triangle
                0x000009f0       0xcc ./SRC/DAC.o
                0x000009f0                Triangle
 .text.__vector_16
                0x00000abc       0x3a ./SRC/Final.o
                0x00000abc                __vector_16
 .text.calcCurrent
                0x00000af6       0x32 ./SRC/Final.o
                0x00000af6                calcCurrent
 .text.runBelt  0x00000b28        0xe ./SRC/Final.o
                0x00000b28                runBelt
 .text.openGrip
                0x00000b36        0xe ./SRC/Final.o
                0x00000b36                openGrip
 .text.closeGrip
                0x00000b44        0xe ./SRC/Final.o
                0x00000b44                closeGrip
 .text.getCurr  0x00000b52       0x3a ./SRC/Final.o
                0x00000b52                getCurr
 .text.getIR    0x00000b8c       0x26 ./SRC/Final.o
                0x00000b8c                getIR
 .text.objDetect
                0x00000bb2       0x28 ./SRC/Final.o
                0x00000bb2                objDetect
 .text.getAngH  0x00000bda       0x3e ./SRC/Final.o
                0x00000bda                getAngH
 .text.getAngL  0x00000c18       0x3e ./SRC/Final.o
                0x00000c18                getAngL
 .text.reachPosition
                0x00000c56       0xfe ./SRC/Final.o
                0x00000c56                reachPosition
 .text.updatePIDF
                0x00000d54       0xaa ./SRC/Final.o
                0x00000d54                updatePIDF
 .text.finalState
                0x00000dfe      0x1e0 ./SRC/Final.o
                0x00000dfe                finalState
 .text.initFinal
                0x00000fde       0x6a ./SRC/Final.o
                0x00000fde                initFinal
 .text.radToDeg
                0x00001048       0x3e ./SRC/Kinematics.o
                0x00001048                radToDeg
 .text.degToRad
                0x00001086       0x3e ./SRC/Kinematics.o
                0x00001086                degToRad
 .text.getTheta1
                0x000010c4       0x2a ./SRC/Kinematics.o
                0x000010c4                getTheta1
 .text.getTheta2
                0x000010ee       0xf2 ./SRC/Kinematics.o
                0x000010ee                getTheta2
 .text.getY     0x000011e0       0xc2 ./SRC/Kinematics.o
                0x000011e0                getY
 .text.getX     0x000012a2       0xc2 ./SRC/Kinematics.o
                0x000012a2                getX
 .text.outputADC
                0x00001364       0x2a ./SRC/Lab1Code.o
                0x00001364                outputADC
 .text.outputPWM
                0x0000138e      0x164 ./SRC/Lab1Code.o
                0x0000138e                outputPWM
 .text.readSwitches
                0x000014f2       0xbc ./SRC/Lab1Code.o
                0x000014f2                readSwitches
 .text.initCLK  0x000015ae       0x12 ./SRC/Lab1Code.o
                0x000015ae                initCLK
 .text.initLab1
                0x000015c0       0x22 ./SRC/Lab1Code.o
                0x000015c0                initLab1
 .text.readPWM  0x000015e2      0x19a ./SRC/Lab1Code.o
                0x000015e2                readPWM
 .text.Lab1Code
                0x0000177c        0xa ./SRC/Lab1Code.o
                0x0000177c                Lab1Code
 .text.readADC  0x00001786      0x1ee ./SRC/Lab1Code.o
                0x00001786                readADC
 .text.setAngle
                0x00001974       0x5a ./SRC/Lab2Code.o
                0x00001974                setAngle
 .text.initLab2
                0x000019ce       0x56 ./SRC/Lab2Code.o
                0x000019ce                initLab2
 .text.ADCData  0x00001a24      0x10a ./SRC/Lab2Code.o
                0x00001a24                ADCData
 .text.updatePID
                0x00001b2e       0xb2 ./SRC/Lab2Code.o
                0x00001b2e                updatePID
 .text.Lab2Code
                0x00001be0       0x92 ./SRC/Lab2Code.o
                0x00001be0                Lab2Code
 .text.setConst
                0x00001c72      0x120 ./SRC/PID.o
                0x00001c72                setConst
 .text.calcPID  0x00001d92      0x360 ./SRC/PID.o
                0x00001d92                calcPID
 .text.initSPI  0x000020f2       0x98 ./SRC/SPI.o
                0x000020f2                initSPI
 .text.spiTransceive
                0x0000218a        0xc ./SRC/SPI.o
                0x0000218a                spiTransceive
 .text.debugUSARTInit
                0x00002196       0x48 ./SRC/USART.o
                0x00002196                debugUSARTInit
 .text.putCharDebug
                0x000021de       0x10 ./SRC/USART.o
                0x000021de                putCharDebug
 .text.getCharDebug
                0x000021ee        0xe ./SRC/USART.o
                0x000021ee                getCharDebug
 .text.main     0x000021fc       0x1a ./SRC/main.o
                0x000021fc                main
 .text.timerInit
                0x00002216       0x14 ./SRC/timer.o
                0x00002216                timerInit
 .text.initAltCom
                0x0000222a       0x38 D:\workspace\RBELib\Release\libRBELib.a(SetServo.o)
                0x0000222a                initAltCom
 .text.setCharDebug
                0x00002262       0x10 D:\workspace\RBELib\Release\libRBELib.a(SetServo.o)
                0x00002262                setCharDebug
 .text.coPrintf
                0x00002272       0x1a D:\workspace\RBELib\Release\libRBELib.a(SetServo.o)
                0x00002272                coPrintf
 .text.setServo
                0x0000228c       0x84 D:\workspace\RBELib\Release\libRBELib.a(SetServo.o)
                0x0000228c                setServo
 .text.initRBELib
                0x00002310       0x1a D:\workspace\RBELib\Release\libRBELib.a(Debug.o)
                0x00002310                initRBELib
 .text.printfRBE
                0x0000232a        0xa D:\workspace\RBELib\Release\libRBELib.a(Debug.o)
                0x0000232a                printfRBE
 .text.avr-libc.fplib
                0x00002334       0x1c d:/winavr-20100110/bin/../lib/gcc/avr/4.3.3/../../../../avr/lib/avr5\libm.a(acos.o)
                0x00002334                acos
 .text.avr-libc.fplib
                0x00002350        0xa d:/winavr-20100110/bin/../lib/gcc/avr/4.3.3/../../../../avr/lib/avr5\libm.a(addsf3.o)
                0x00002350                __subsf3
                0x00002352                __addsf3
 .text.avr-libc.fplib
                0x0000235a       0xc0 d:/winavr-20100110/bin/../lib/gcc/avr/4.3.3/../../../../avr/lib/avr5\libm.a(addsf3x.o)
                0x00002374                __addsf3x
 .text.avr-libc.fplib
                0x0000241a        0x8 d:/winavr-20100110/bin/../lib/gcc/avr/4.3.3/../../../../avr/lib/avr5\libm.a(cmpsf2.o)
                0x0000241a                __lesf2
                0x0000241a                __nesf2
                0x0000241a                __eqsf2
                0x0000241a                __cmpsf2
                0x0000241a                __ltsf2
 .text.avr-libc.fplib
                0x00002422        0x6 d:/winavr-20100110/bin/../lib/gcc/avr/4.3.3/../../../../avr/lib/avr5\libm.a(cos.o)
                0x00002422                cos
 .text.avr-libc.fplib
                0x00002428        0x4 d:/winavr-20100110/bin/../lib/gcc/avr/4.3.3/../../../../avr/lib/avr5\libm.a(divsf3.o)
                0x00002428                __divsf3
 .text.avr-libc.fplib
                0x0000242c       0xcc d:/winavr-20100110/bin/../lib/gcc/avr/4.3.3/../../../../avr/lib/avr5\libm.a(divsf3x.o)
                0x00002442                __divsf3x
                0x00002446                __divsf3_pse
 .text.avr-libc.fplib
                0x000024f8        0xa d:/winavr-20100110/bin/../lib/gcc/avr/4.3.3/../../../../avr/lib/avr5\libm.a(fixsfsi.o)
                0x000024f8                __fixsfsi
 .text.avr-libc.fplib
                0x00002502       0x58 d:/winavr-20100110/bin/../lib/gcc/avr/4.3.3/../../../../avr/lib/avr5\libm.a(fixunssfsi.o)
                0x00002502                __fixunssfsi
 .text.avr-libc.fplib
                0x0000255a       0x7a d:/winavr-20100110/bin/../lib/gcc/avr/4.3.3/../../../../avr/lib/avr5\libm.a(floatsisf.o)
                0x0000255e                __floatsisf
                0x0000255a                __floatunsisf
 .text.avr-libc.fplib
                0x000025d4       0x36 d:/winavr-20100110/bin/../lib/gcc/avr/4.3.3/../../../../avr/lib/avr5\libm.a(fp_arccos.o)
                0x000025d4                __fp_arccos
 .text.avr-libc.fplib
                0x0000260a       0x48 d:/winavr-20100110/bin/../lib/gcc/avr/4.3.3/../../../../avr/lib/avr5\libm.a(fp_cmp.o)
                0x0000260a                __fp_cmp
 .text.avr-libc.fplib
                0x00002652        0xc d:/winavr-20100110/bin/../lib/gcc/avr/4.3.3/../../../../avr/lib/avr5\libm.a(fp_inf.o)
                0x00002652                __fp_inf
 .text.avr-libc.fplib
                0x0000265e        0x6 d:/winavr-20100110/bin/../lib/gcc/avr/4.3.3/../../../../avr/lib/avr5\libm.a(fp_nan.o)
                0x0000265e                __fp_nan
 .text.avr-libc.fplib
                0x00002664       0x4a d:/winavr-20100110/bin/../lib/gcc/avr/4.3.3/../../../../avr/lib/avr5\libm.a(fp_powser.o)
                0x00002664                __fp_powser
 .text.avr-libc.fplib
                0x000026ae        0xe d:/winavr-20100110/bin/../lib/gcc/avr/4.3.3/../../../../avr/lib/avr5\libm.a(fp_pscA.o)
                0x000026ae                __fp_pscA
 .text.avr-libc.fplib
                0x000026bc        0xe d:/winavr-20100110/bin/../lib/gcc/avr/4.3.3/../../../../avr/lib/avr5\libm.a(fp_pscB.o)
                0x000026bc                __fp_pscB
 .text.avr-libc.fplib
                0x000026ca       0x50 d:/winavr-20100110/bin/../lib/gcc/avr/4.3.3/../../../../avr/lib/avr5\libm.a(fp_rempio2.o)
                0x000026cc                __fp_rempio2
 .text.avr-libc.fplib
                0x0000271a       0x22 d:/winavr-20100110/bin/../lib/gcc/avr/4.3.3/../../../../avr/lib/avr5\libm.a(fp_round.o)
                0x0000271a                __fp_round
 .text.avr-libc.fplib
                0x0000273c       0x22 d:/winavr-20100110/bin/../lib/gcc/avr/4.3.3/../../../../avr/lib/avr5\libm.a(fp_sinus.o)
                0x0000273c                __fp_sinus
 .text.avr-libc.fplib
                0x0000275e       0x44 d:/winavr-20100110/bin/../lib/gcc/avr/4.3.3/../../../../avr/lib/avr5\libm.a(fp_split3.o)
                0x0000275e                __fp_split3
                0x0000276e                __fp_splitA
 .text.avr-libc.fplib
                0x000027a2        0xe d:/winavr-20100110/bin/../lib/gcc/avr/4.3.3/../../../../avr/lib/avr5\libm.a(fp_zero.o)
                0x000027a2                __fp_zero
                0x000027a4                __fp_szero
 .text.avr-libc.fplib
                0x000027b0        0x8 d:/winavr-20100110/bin/../lib/gcc/avr/4.3.3/../../../../avr/lib/avr5\libm.a(gesf2.o)
                0x000027b0                __gtsf2
                0x000027b0                __gesf2
 .text.avr-libc.fplib
                0x000027b8        0x4 d:/winavr-20100110/bin/../lib/gcc/avr/4.3.3/../../../../avr/lib/avr5\libm.a(mulsf3.o)
                0x000027b8                __mulsf3
 .text.avr-libc.fplib
                0x000027bc       0xc2 d:/winavr-20100110/bin/../lib/gcc/avr/4.3.3/../../../../avr/lib/avr5\libm.a(mulsf3x.o)
                0x000027d4                __mulsf3_pse
                0x000027d0                __mulsf3x
 .text.avr-libc.fplib
                0x0000287e        0xc d:/winavr-20100110/bin/../lib/gcc/avr/4.3.3/../../../../avr/lib/avr5\libm.a(sin.o)
                0x0000287e                sin
 .text.avr-libc.fplib
                0x0000288a       0x84 d:/winavr-20100110/bin/../lib/gcc/avr/4.3.3/../../../../avr/lib/avr5\libm.a(sqrt.o)
                0x00002892                sqrt
 .text.avr-libc.fplib
                0x0000290e       0x1c d:/winavr-20100110/bin/../lib/gcc/avr/4.3.3/../../../../avr/lib/avr5\libm.a(fp_mpack.o)
                0x00002912                __fp_mpack_finite
                0x0000290e                __fp_mpack
 .text.avr-libc.fplib
                0x0000292a        0xe d:/winavr-20100110/bin/../lib/gcc/avr/4.3.3/../../../../avr/lib/avr5\libm.a(fp_norm2.o)
                0x0000292a                __fp_norm2
 .text.avr-libc.fplib
                0x00002938       0x22 d:/winavr-20100110/bin/../lib/gcc/avr/4.3.3/../../../../avr/lib/avr5\libm.a(fp_powsodd.o)
                0x00002938                __fp_powsodd
 .text.libgcc   0x0000295a       0x44 d:/winavr-20100110/bin/../lib/gcc/avr/4.3.3/avr5\libgcc.a(_udivmodsi4.o)
                0x0000295a                __udivmodsi4
 .text.libgcc   0x0000299e       0x38 d:/winavr-20100110/bin/../lib/gcc/avr/4.3.3/avr5\libgcc.a(_prologue.o)
                0x0000299e                __prologue_saves__
 .text.libgcc   0x000029d6       0x36 d:/winavr-20100110/bin/../lib/gcc/avr/4.3.3/avr5\libgcc.a(_epilogue.o)
                0x000029d6                __epilogue_restores__
 .text.libgcc   0x00002a0c        0x0 d:/winavr-20100110/bin/../lib/gcc/avr/4.3.3/avr5\libgcc.a(_exit.o)
 .text.libgcc   0x00002a0c        0x0 d:/winavr-20100110/bin/../lib/gcc/avr/4.3.3/avr5\libgcc.a(_copy_data.o)
 .text.libgcc   0x00002a0c        0x0 d:/winavr-20100110/bin/../lib/gcc/avr/4.3.3/avr5\libgcc.a(_clear_bss.o)
 .text.avr-libc
                0x00002a0c      0x1b0 d:/winavr-20100110/bin/../lib/gcc/avr/4.3.3/../../../../avr/lib/avr5\libc.a(ftoa_engine.o)
                0x00002a0c                __ftoa_engine
 .text.avr-libc
                0x00002bbc       0x16 d:/winavr-20100110/bin/../lib/gcc/avr/4.3.3/../../../../avr/lib/avr5\libc.a(strnlen_P.o)
                0x00002bbc                strnlen_P
 .text.avr-libc
                0x00002bd2       0x16 d:/winavr-20100110/bin/../lib/gcc/avr/4.3.3/../../../../avr/lib/avr5\libc.a(strnlen.o)
                0x00002bd2                strnlen
 .text.avr-libc
                0x00002be8       0x58 d:/winavr-20100110/bin/../lib/gcc/avr/4.3.3/../../../../avr/lib/avr5\libc.a(fputc.o)
                0x00002be8                fputc
 .text.avr-libc
                0x00002c40       0x2a d:/winavr-20100110/bin/../lib/gcc/avr/4.3.3/../../../../avr/lib/avr5\libc.a(printf.o)
                0x00002c40                printf
 .text.avr-libc
                0x00002c6a       0x6a d:/winavr-20100110/bin/../lib/gcc/avr/4.3.3/../../../../avr/lib/avr5\libc.a(puts.o)
                0x00002c6a                puts
 .text.avr-libc
                0x00002cd4       0x48 d:/winavr-20100110/bin/../lib/gcc/avr/4.3.3/../../../../avr/lib/avr5\libc.a(sprintf.o)
                0x00002cd4                sprintf
 .text.avr-libc
                0x00002d1c       0xbc d:/winavr-20100110/bin/../lib/gcc/avr/4.3.3/../../../../avr/lib/avr5\libc.a(ultoa_invert.o)
                0x00002d1c                __ultoa_invert
                0x00002dd8                . = ALIGN (0x2)
 *(.fini9)
 .fini9         0x00002dd8        0x0 d:/winavr-20100110/bin/../lib/gcc/avr/4.3.3/avr5\libgcc.a(_exit.o)
                0x00002dd8                exit
                0x00002dd8                _exit
 *(.fini9)
 *(.fini8)
 *(.fini8)
 *(.fini7)
 *(.fini7)
 *(.fini6)
 *(.fini6)
 *(.fini5)
 *(.fini5)
 *(.fini4)
 *(.fini4)
 *(.fini3)
 *(.fini3)
 *(.fini2)
 *(.fini2)
 *(.fini1)
 *(.fini1)
 *(.fini0)
 .fini0         0x00002dd8        0x4 d:/winavr-20100110/bin/../lib/gcc/avr/4.3.3/avr5\libgcc.a(_exit.o)
 *(.fini0)
                0x00002ddc                _etext = .

.data           0x00800100       0xda load address 0x00002ddc
                0x00800100                PROVIDE (__data_start, .)
 *(.data)
 .data          0x00800100        0x0 d:/winavr-20100110/bin/../lib/gcc/avr/4.3.3/../../../../avr/lib/avr5/crtm644p.o
 .data          0x00800100        0x0 d:/winavr-20100110/bin/../lib/gcc/avr/4.3.3/../../../../avr/lib/avr5\libprintf_flt.a(vfprintf_flt.o)
 .data          0x00800100        0x0 ./SRC/ADC.o
 .data          0x00800100        0x0 ./SRC/DAC.o
 .data          0x00800100       0x17 ./SRC/Final.o
 .data          0x00800117        0x0 ./SRC/Kinematics.o
 .data          0x00800117       0x5b ./SRC/Lab1Code.o
 .data          0x00800172       0x15 ./SRC/Lab2Code.o
 .data          0x00800187        0x0 ./SRC/PID.o
 .data          0x00800187        0x0 ./SRC/SPI.o
 .data          0x00800187        0x0 ./SRC/USART.o
 .data          0x00800187        0x0 ./SRC/main.o
 .data          0x00800187        0x0 ./SRC/timer.o
 .data          0x00800187       0x14 D:\workspace\RBELib\Release\libRBELib.a(SetServo.o)
 .data          0x0080019b        0x0 D:\workspace\RBELib\Release\libRBELib.a(Debug.o)
 .data          0x0080019b        0x0 d:/winavr-20100110/bin/../lib/gcc/avr/4.3.3/../../../../avr/lib/avr5\libm.a(acos.o)
 .data          0x0080019b        0x0 d:/winavr-20100110/bin/../lib/gcc/avr/4.3.3/../../../../avr/lib/avr5\libm.a(addsf3.o)
 .data          0x0080019b        0x0 d:/winavr-20100110/bin/../lib/gcc/avr/4.3.3/../../../../avr/lib/avr5\libm.a(addsf3x.o)
 .data          0x0080019b        0x0 d:/winavr-20100110/bin/../lib/gcc/avr/4.3.3/../../../../avr/lib/avr5\libm.a(cmpsf2.o)
 .data          0x0080019b        0x0 d:/winavr-20100110/bin/../lib/gcc/avr/4.3.3/../../../../avr/lib/avr5\libm.a(cos.o)
 .data          0x0080019b        0x0 d:/winavr-20100110/bin/../lib/gcc/avr/4.3.3/../../../../avr/lib/avr5\libm.a(divsf3.o)
 .data          0x0080019b        0x0 d:/winavr-20100110/bin/../lib/gcc/avr/4.3.3/../../../../avr/lib/avr5\libm.a(divsf3x.o)
 .data          0x0080019b        0x0 d:/winavr-20100110/bin/../lib/gcc/avr/4.3.3/../../../../avr/lib/avr5\libm.a(fixsfsi.o)
 .data          0x0080019b        0x0 d:/winavr-20100110/bin/../lib/gcc/avr/4.3.3/../../../../avr/lib/avr5\libm.a(fixunssfsi.o)
 .data          0x0080019b        0x0 d:/winavr-20100110/bin/../lib/gcc/avr/4.3.3/../../../../avr/lib/avr5\libm.a(floatsisf.o)
 .data          0x0080019b        0x0 d:/winavr-20100110/bin/../lib/gcc/avr/4.3.3/../../../../avr/lib/avr5\libm.a(fp_arccos.o)
 .data          0x0080019b        0x0 d:/winavr-20100110/bin/../lib/gcc/avr/4.3.3/../../../../avr/lib/avr5\libm.a(fp_cmp.o)
 .data          0x0080019b        0x0 d:/winavr-20100110/bin/../lib/gcc/avr/4.3.3/../../../../avr/lib/avr5\libm.a(fp_inf.o)
 .data          0x0080019b        0x0 d:/winavr-20100110/bin/../lib/gcc/avr/4.3.3/../../../../avr/lib/avr5\libm.a(fp_nan.o)
 .data          0x0080019b        0x0 d:/winavr-20100110/bin/../lib/gcc/avr/4.3.3/../../../../avr/lib/avr5\libm.a(fp_powser.o)
 .data          0x0080019b        0x0 d:/winavr-20100110/bin/../lib/gcc/avr/4.3.3/../../../../avr/lib/avr5\libm.a(fp_pscA.o)
 .data          0x0080019b        0x0 d:/winavr-20100110/bin/../lib/gcc/avr/4.3.3/../../../../avr/lib/avr5\libm.a(fp_pscB.o)
 .data          0x0080019b        0x0 d:/winavr-20100110/bin/../lib/gcc/avr/4.3.3/../../../../avr/lib/avr5\libm.a(fp_rempio2.o)
 .data          0x0080019b        0x0 d:/winavr-20100110/bin/../lib/gcc/avr/4.3.3/../../../../avr/lib/avr5\libm.a(fp_round.o)
 .data          0x0080019b        0x0 d:/winavr-20100110/bin/../lib/gcc/avr/4.3.3/../../../../avr/lib/avr5\libm.a(fp_sinus.o)
 .data          0x0080019b        0x0 d:/winavr-20100110/bin/../lib/gcc/avr/4.3.3/../../../../avr/lib/avr5\libm.a(fp_split3.o)
 .data          0x0080019b        0x0 d:/winavr-20100110/bin/../lib/gcc/avr/4.3.3/../../../../avr/lib/avr5\libm.a(fp_zero.o)
 .data          0x0080019b        0x0 d:/winavr-20100110/bin/../lib/gcc/avr/4.3.3/../../../../avr/lib/avr5\libm.a(gesf2.o)
 .data          0x0080019b        0x0 d:/winavr-20100110/bin/../lib/gcc/avr/4.3.3/../../../../avr/lib/avr5\libm.a(mulsf3.o)
 .data          0x0080019b        0x0 d:/winavr-20100110/bin/../lib/gcc/avr/4.3.3/../../../../avr/lib/avr5\libm.a(mulsf3x.o)
 .data          0x0080019b        0x0 d:/winavr-20100110/bin/../lib/gcc/avr/4.3.3/../../../../avr/lib/avr5\libm.a(sin.o)
 .data          0x0080019b        0x0 d:/winavr-20100110/bin/../lib/gcc/avr/4.3.3/../../../../avr/lib/avr5\libm.a(sqrt.o)
 .data          0x0080019b        0x0 d:/winavr-20100110/bin/../lib/gcc/avr/4.3.3/../../../../avr/lib/avr5\libm.a(fp_mpack.o)
 .data          0x0080019b        0x0 d:/winavr-20100110/bin/../lib/gcc/avr/4.3.3/../../../../avr/lib/avr5\libm.a(fp_norm2.o)
 .data          0x0080019b        0x0 d:/winavr-20100110/bin/../lib/gcc/avr/4.3.3/../../../../avr/lib/avr5\libm.a(fp_powsodd.o)
 .data          0x0080019b        0x0 d:/winavr-20100110/bin/../lib/gcc/avr/4.3.3/avr5\libgcc.a(_udivmodsi4.o)
 .data          0x0080019b        0x0 d:/winavr-20100110/bin/../lib/gcc/avr/4.3.3/avr5\libgcc.a(_prologue.o)
 .data          0x0080019b        0x0 d:/winavr-20100110/bin/../lib/gcc/avr/4.3.3/avr5\libgcc.a(_epilogue.o)
 .data          0x0080019b        0x0 d:/winavr-20100110/bin/../lib/gcc/avr/4.3.3/avr5\libgcc.a(_exit.o)
 .data          0x0080019b        0x0 d:/winavr-20100110/bin/../lib/gcc/avr/4.3.3/avr5\libgcc.a(_copy_data.o)
 .data          0x0080019b        0x0 d:/winavr-20100110/bin/../lib/gcc/avr/4.3.3/avr5\libgcc.a(_clear_bss.o)
 .data          0x0080019b        0x0 d:/winavr-20100110/bin/../lib/gcc/avr/4.3.3/../../../../avr/lib/avr5\libc.a(ftoa_engine.o)
 .data          0x0080019b        0x0 d:/winavr-20100110/bin/../lib/gcc/avr/4.3.3/../../../../avr/lib/avr5\libc.a(strnlen_P.o)
 .data          0x0080019b        0x0 d:/winavr-20100110/bin/../lib/gcc/avr/4.3.3/../../../../avr/lib/avr5\libc.a(strnlen.o)
 .data          0x0080019b        0x0 d:/winavr-20100110/bin/../lib/gcc/avr/4.3.3/../../../../avr/lib/avr5\libc.a(fputc.o)
 .data          0x0080019b        0x0 d:/winavr-20100110/bin/../lib/gcc/avr/4.3.3/../../../../avr/lib/avr5\libc.a(iob.o)
 .data          0x0080019b        0x0 d:/winavr-20100110/bin/../lib/gcc/avr/4.3.3/../../../../avr/lib/avr5\libc.a(printf.o)
 .data          0x0080019b        0x0 d:/winavr-20100110/bin/../lib/gcc/avr/4.3.3/../../../../avr/lib/avr5\libc.a(puts.o)
 .data          0x0080019b        0x0 d:/winavr-20100110/bin/../lib/gcc/avr/4.3.3/../../../../avr/lib/avr5\libc.a(sprintf.o)
 .data          0x0080019b        0x0 d:/winavr-20100110/bin/../lib/gcc/avr/4.3.3/../../../../avr/lib/avr5\libc.a(ultoa_invert.o)
 *(.data*)
 .data.up       0x0080019b        0x2 ./SRC/DAC.o
                0x0080019b                up
 .data.sig1     0x0080019d        0x2 ./SRC/DAC.o
                0x0080019d                sig1
 .data.highSetP
                0x0080019f        0x4 ./SRC/Final.o
                0x0080019f                highSetP
 .data.lowSetP  0x008001a3        0x4 ./SRC/Final.o
                0x008001a3                lowSetP
 .data.pi       0x008001a7        0x4 ./SRC/Kinematics.o
                0x008001a7                pi
 .data.L1       0x008001ab        0x4 ./SRC/Kinematics.o
                0x008001ab                L1
 .data.L2       0x008001af        0x4 ./SRC/Kinematics.o
                0x008001af                L2
 .data.frequency
                0x008001b3        0x4 ./SRC/Lab1Code.o
                0x008001b3                frequency
 .data.dutyCycle
                0x008001b7        0x4 ./SRC/Lab1Code.o
                0x008001b7                dutyCycle
 .data.dutyCycle2
                0x008001bb        0x4 ./SRC/Lab1Code.o
                0x008001bb                dutyCycle2
 .data.globalVal
                0x008001bf        0x4 ./SRC/Lab2Code.o
                0x008001bf                globalVal
 .data.Theta2   0x008001c3        0x4 ./SRC/Lab2Code.o
                0x008001c3                Theta2
 .data.Theta1   0x008001c7        0x4 ./SRC/Lab2Code.o
                0x008001c7                Theta1
 .data.RBEOut   0x008001cb        0xe D:\workspace\RBELib\Release\libRBELib.a(Debug.o)
 *(.rodata)
 *(.rodata*)
 *(.gnu.linkonce.d*)
                0x008001da                . = ALIGN (0x2)
 *fill*         0x008001d9        0x1 00
                0x008001da                _edata = .
                0x008001da                PROVIDE (__data_end, .)

.bss            0x008001da       0x7e
                0x008001da                PROVIDE (__bss_start, .)
 *(.bss)
 .bss           0x008001da        0x0 d:/winavr-20100110/bin/../lib/gcc/avr/4.3.3/../../../../avr/lib/avr5/crtm644p.o
 .bss           0x008001da        0x0 d:/winavr-20100110/bin/../lib/gcc/avr/4.3.3/../../../../avr/lib/avr5\libprintf_flt.a(vfprintf_flt.o)
 .bss           0x008001da        0x0 ./SRC/ADC.o
 .bss           0x008001da        0x0 ./SRC/DAC.o
 .bss           0x008001da        0x0 ./SRC/Final.o
 .bss           0x008001da        0x0 ./SRC/Kinematics.o
 .bss           0x008001da        0x0 ./SRC/Lab1Code.o
 .bss           0x008001da        0x0 ./SRC/Lab2Code.o
 .bss           0x008001da        0x0 ./SRC/PID.o
 .bss           0x008001da        0x0 ./SRC/SPI.o
 .bss           0x008001da        0x0 ./SRC/USART.o
 .bss           0x008001da        0x0 ./SRC/main.o
 .bss           0x008001da        0x0 ./SRC/timer.o
 .bss           0x008001da        0x0 D:\workspace\RBELib\Release\libRBELib.a(SetServo.o)
 .bss           0x008001da        0x0 D:\workspace\RBELib\Release\libRBELib.a(Debug.o)
 .bss           0x008001da        0x0 d:/winavr-20100110/bin/../lib/gcc/avr/4.3.3/../../../../avr/lib/avr5\libm.a(acos.o)
 .bss           0x008001da        0x0 d:/winavr-20100110/bin/../lib/gcc/avr/4.3.3/../../../../avr/lib/avr5\libm.a(addsf3.o)
 .bss           0x008001da        0x0 d:/winavr-20100110/bin/../lib/gcc/avr/4.3.3/../../../../avr/lib/avr5\libm.a(addsf3x.o)
 .bss           0x008001da        0x0 d:/winavr-20100110/bin/../lib/gcc/avr/4.3.3/../../../../avr/lib/avr5\libm.a(cmpsf2.o)
 .bss           0x008001da        0x0 d:/winavr-20100110/bin/../lib/gcc/avr/4.3.3/../../../../avr/lib/avr5\libm.a(cos.o)
 .bss           0x008001da        0x0 d:/winavr-20100110/bin/../lib/gcc/avr/4.3.3/../../../../avr/lib/avr5\libm.a(divsf3.o)
 .bss           0x008001da        0x0 d:/winavr-20100110/bin/../lib/gcc/avr/4.3.3/../../../../avr/lib/avr5\libm.a(divsf3x.o)
 .bss           0x008001da        0x0 d:/winavr-20100110/bin/../lib/gcc/avr/4.3.3/../../../../avr/lib/avr5\libm.a(fixsfsi.o)
 .bss           0x008001da        0x0 d:/winavr-20100110/bin/../lib/gcc/avr/4.3.3/../../../../avr/lib/avr5\libm.a(fixunssfsi.o)
 .bss           0x008001da        0x0 d:/winavr-20100110/bin/../lib/gcc/avr/4.3.3/../../../../avr/lib/avr5\libm.a(floatsisf.o)
 .bss           0x008001da        0x0 d:/winavr-20100110/bin/../lib/gcc/avr/4.3.3/../../../../avr/lib/avr5\libm.a(fp_arccos.o)
 .bss           0x008001da        0x0 d:/winavr-20100110/bin/../lib/gcc/avr/4.3.3/../../../../avr/lib/avr5\libm.a(fp_cmp.o)
 .bss           0x008001da        0x0 d:/winavr-20100110/bin/../lib/gcc/avr/4.3.3/../../../../avr/lib/avr5\libm.a(fp_inf.o)
 .bss           0x008001da        0x0 d:/winavr-20100110/bin/../lib/gcc/avr/4.3.3/../../../../avr/lib/avr5\libm.a(fp_nan.o)
 .bss           0x008001da        0x0 d:/winavr-20100110/bin/../lib/gcc/avr/4.3.3/../../../../avr/lib/avr5\libm.a(fp_powser.o)
 .bss           0x008001da        0x0 d:/winavr-20100110/bin/../lib/gcc/avr/4.3.3/../../../../avr/lib/avr5\libm.a(fp_pscA.o)
 .bss           0x008001da        0x0 d:/winavr-20100110/bin/../lib/gcc/avr/4.3.3/../../../../avr/lib/avr5\libm.a(fp_pscB.o)
 .bss           0x008001da        0x0 d:/winavr-20100110/bin/../lib/gcc/avr/4.3.3/../../../../avr/lib/avr5\libm.a(fp_rempio2.o)
 .bss           0x008001da        0x0 d:/winavr-20100110/bin/../lib/gcc/avr/4.3.3/../../../../avr/lib/avr5\libm.a(fp_round.o)
 .bss           0x008001da        0x0 d:/winavr-20100110/bin/../lib/gcc/avr/4.3.3/../../../../avr/lib/avr5\libm.a(fp_sinus.o)
 .bss           0x008001da        0x0 d:/winavr-20100110/bin/../lib/gcc/avr/4.3.3/../../../../avr/lib/avr5\libm.a(fp_split3.o)
 .bss           0x008001da        0x0 d:/winavr-20100110/bin/../lib/gcc/avr/4.3.3/../../../../avr/lib/avr5\libm.a(fp_zero.o)
 .bss           0x008001da        0x0 d:/winavr-20100110/bin/../lib/gcc/avr/4.3.3/../../../../avr/lib/avr5\libm.a(gesf2.o)
 .bss           0x008001da        0x0 d:/winavr-20100110/bin/../lib/gcc/avr/4.3.3/../../../../avr/lib/avr5\libm.a(mulsf3.o)
 .bss           0x008001da        0x0 d:/winavr-20100110/bin/../lib/gcc/avr/4.3.3/../../../../avr/lib/avr5\libm.a(mulsf3x.o)
 .bss           0x008001da        0x0 d:/winavr-20100110/bin/../lib/gcc/avr/4.3.3/../../../../avr/lib/avr5\libm.a(sin.o)
 .bss           0x008001da        0x0 d:/winavr-20100110/bin/../lib/gcc/avr/4.3.3/../../../../avr/lib/avr5\libm.a(sqrt.o)
 .bss           0x008001da        0x0 d:/winavr-20100110/bin/../lib/gcc/avr/4.3.3/../../../../avr/lib/avr5\libm.a(fp_mpack.o)
 .bss           0x008001da        0x0 d:/winavr-20100110/bin/../lib/gcc/avr/4.3.3/../../../../avr/lib/avr5\libm.a(fp_norm2.o)
 .bss           0x008001da        0x0 d:/winavr-20100110/bin/../lib/gcc/avr/4.3.3/../../../../avr/lib/avr5\libm.a(fp_powsodd.o)
 .bss           0x008001da        0x0 d:/winavr-20100110/bin/../lib/gcc/avr/4.3.3/avr5\libgcc.a(_udivmodsi4.o)
 .bss           0x008001da        0x0 d:/winavr-20100110/bin/../lib/gcc/avr/4.3.3/avr5\libgcc.a(_prologue.o)
 .bss           0x008001da        0x0 d:/winavr-20100110/bin/../lib/gcc/avr/4.3.3/avr5\libgcc.a(_epilogue.o)
 .bss           0x008001da        0x0 d:/winavr-20100110/bin/../lib/gcc/avr/4.3.3/avr5\libgcc.a(_exit.o)
 .bss           0x008001da        0x0 d:/winavr-20100110/bin/../lib/gcc/avr/4.3.3/avr5\libgcc.a(_copy_data.o)
 .bss           0x008001da        0x0 d:/winavr-20100110/bin/../lib/gcc/avr/4.3.3/avr5\libgcc.a(_clear_bss.o)
 .bss           0x008001da        0x0 d:/winavr-20100110/bin/../lib/gcc/avr/4.3.3/../../../../avr/lib/avr5\libc.a(ftoa_engine.o)
 .bss           0x008001da        0x0 d:/winavr-20100110/bin/../lib/gcc/avr/4.3.3/../../../../avr/lib/avr5\libc.a(strnlen_P.o)
 .bss           0x008001da        0x0 d:/winavr-20100110/bin/../lib/gcc/avr/4.3.3/../../../../avr/lib/avr5\libc.a(strnlen.o)
 .bss           0x008001da        0x0 d:/winavr-20100110/bin/../lib/gcc/avr/4.3.3/../../../../avr/lib/avr5\libc.a(fputc.o)
 .bss           0x008001da        0x0 d:/winavr-20100110/bin/../lib/gcc/avr/4.3.3/../../../../avr/lib/avr5\libc.a(iob.o)
 .bss           0x008001da        0x0 d:/winavr-20100110/bin/../lib/gcc/avr/4.3.3/../../../../avr/lib/avr5\libc.a(printf.o)
 .bss           0x008001da        0x0 d:/winavr-20100110/bin/../lib/gcc/avr/4.3.3/../../../../avr/lib/avr5\libc.a(puts.o)
 .bss           0x008001da        0x0 d:/winavr-20100110/bin/../lib/gcc/avr/4.3.3/../../../../avr/lib/avr5\libc.a(sprintf.o)
 .bss           0x008001da        0x0 d:/winavr-20100110/bin/../lib/gcc/avr/4.3.3/../../../../avr/lib/avr5\libc.a(ultoa_invert.o)
 *(.bss*)
 .bss.sig0      0x008001da        0x2 ./SRC/DAC.o
                0x008001da                sig0
 .bss.state     0x008001dc        0x2 ./SRC/Final.o
                0x008001dc                state
 .bss.flag      0x008001de        0x2 ./SRC/Final.o
                0x008001de                flag
 .bss.tickA     0x008001e0        0x2 ./SRC/Final.o
                0x008001e0                tickA
 .bss.time      0x008001e2        0x2 ./SRC/Lab1Code.o
                0x008001e2                time
 .bss.timerCounter
                0x008001e4        0x4 ./SRC/Lab1Code.o
                0x008001e4                timerCounter
 .bss.i         0x008001e8        0x2 ./SRC/Lab1Code.o
                0x008001e8                i
 .bss.globalCount
                0x008001ea        0x4 ./SRC/Lab1Code.o
                0x008001ea                globalCount
 .bss.butP      0x008001ee        0x2 ./SRC/Lab1Code.o
                0x008001ee                butP
 .bss.angle     0x008001f0        0x4 ./SRC/Lab1Code.o
                0x008001f0                angle
 .bss.value     0x008001f4        0x2 ./SRC/Lab1Code.o
                0x008001f4                value
 .bss.higByte   0x008001f6        0x2 ./SRC/Lab1Code.o
                0x008001f6                higByte
 .bss.count     0x008001f8        0x4 ./SRC/Lab1Code.o
                0x008001f8                count
 .bss.mV        0x008001fc        0x4 ./SRC/Lab1Code.o
                0x008001fc                mV
 .bss.count2    0x00800200        0x4 ./SRC/Lab2Code.o
                0x00800200                count2
 .bss.global    0x00800204        0x2 ./SRC/Lab2Code.o
                0x00800204                global
 .bss.secondaryCount
                0x00800206        0x2 ./SRC/Lab2Code.o
                0x00800206                secondaryCount
 .bss.systemTime
                0x00800208        0x4 ./SRC/Lab2Code.o
                0x00800208                systemTime
 .bss.PIDcheck  0x0080020c        0x2 ./SRC/Lab2Code.o
                0x0080020c                PIDcheck
 .bss.LastErrorL
                0x0080020e        0x4 ./SRC/PID.o
                0x0080020e                LastErrorL
 .bss.LastErrorH
                0x00800212        0x4 ./SRC/PID.o
                0x00800212                LastErrorH
 .bss.PrevLastErrorL
                0x00800216        0x4 ./SRC/PID.o
                0x00800216                PrevLastErrorL
 .bss.PrevLastErrorH
                0x0080021a        0x4 ./SRC/PID.o
                0x0080021a                PrevLastErrorH
 .bss.PrevL     0x0080021e        0x4 ./SRC/PID.o
                0x0080021e                PrevL
 .bss.PrevH     0x00800222        0x4 ./SRC/PID.o
                0x00800222                PrevH
 .bss.TdL       0x00800226        0x4 ./SRC/PID.o
                0x00800226                TdL
 .bss.TdH       0x0080022a        0x4 ./SRC/PID.o
                0x0080022a                TdH
 .bss.TiL       0x0080022e        0x4 ./SRC/PID.o
                0x0080022e                TiL
 .bss.TiH       0x00800232        0x4 ./SRC/PID.o
                0x00800232                TiH
 *(COMMON)
 COMMON         0x00800236        0x4 ./SRC/Lab2Code.o
                0x00800236                intTime
 COMMON         0x0080023a       0x18 ./SRC/PID.o
                0x0080023a                PID
 COMMON         0x00800252        0x6 d:/winavr-20100110/bin/../lib/gcc/avr/4.3.3/../../../../avr/lib/avr5\libc.a(iob.o)
                0x00800252                __iob
                0x00800258                PROVIDE (__bss_end, .)
                0x00002ddc                __data_load_start = LOADADDR (.data)
                0x00002eb6                __data_load_end = (__data_load_start + SIZEOF (.data))

.noinit         0x00800258        0x0
                0x00800258                PROVIDE (__noinit_start, .)
 *(.noinit*)
                0x00800258                PROVIDE (__noinit_end, .)
                0x00800258                _end = .
                0x00800258                PROVIDE (__heap_start, .)

.eeprom         0x00810000        0x0
 *(.eeprom*)
                0x00810000                __eeprom_end = .

.fuse
 *(.fuse)
 *(.lfuse)
 *(.hfuse)
 *(.efuse)

.lock
 *(.lock*)

.signature
 *(.signature*)

.stab
 *(.stab)

.stabstr
 *(.stabstr)

.stab.excl
 *(.stab.excl)

.stab.exclstr
 *(.stab.exclstr)

.stab.index
 *(.stab.index)

.stab.indexstr
 *(.stab.indexstr)

.comment
 *(.comment)

.debug
 *(.debug)

.line
 *(.line)

.debug_srcinfo
 *(.debug_srcinfo)

.debug_sfnames
 *(.debug_sfnames)

.debug_aranges
 *(.debug_aranges)

.debug_pubnames
 *(.debug_pubnames)

.debug_info
 *(.debug_info)
 *(.gnu.linkonce.wi.*)

.debug_abbrev
 *(.debug_abbrev)

.debug_line
 *(.debug_line)

.debug_frame
 *(.debug_frame)

.debug_str
 *(.debug_str)

.debug_loc
 *(.debug_loc)

.debug_macinfo
 *(.debug_macinfo)
OUTPUT(RBE3001_Team13.elf elf32-avr)
LOAD linker stubs
