Archive member included because of file (symbol)

c:/winavr-20100110/bin/../lib/gcc/avr/4.3.3/../../../../avr/lib/avr5\libprintf_flt.a(vfprintf_flt.o)
                              (vfprintf)
C:\Users\Lucy\workspace\RBELib\trunk\RBELib\Release\libRBELib.a(Debug.o)
                              ./SRC/main.o (initRBELib)
C:\Users\Lucy\workspace\RBELib\trunk\RBELib\Release\libRBELib.a(SetServo.o)
                              C:\Users\Lucy\workspace\RBELib\trunk\RBELib\Release\libRBELib.a(Debug.o) (initAltCom)
c:/winavr-20100110/bin/../lib/gcc/avr/4.3.3/avr5\libgcc.a(_udivmodsi4.o)
                              ./SRC/USART.o (__udivmodsi4)
c:/winavr-20100110/bin/../lib/gcc/avr/4.3.3/avr5\libgcc.a(_prologue.o)
                              c:/winavr-20100110/bin/../lib/gcc/avr/4.3.3/../../../../avr/lib/avr5\libprintf_flt.a(vfprintf_flt.o) (__prologue_saves__)
c:/winavr-20100110/bin/../lib/gcc/avr/4.3.3/avr5\libgcc.a(_epilogue.o)
                              c:/winavr-20100110/bin/../lib/gcc/avr/4.3.3/../../../../avr/lib/avr5\libprintf_flt.a(vfprintf_flt.o) (__epilogue_restores__)
c:/winavr-20100110/bin/../lib/gcc/avr/4.3.3/avr5\libgcc.a(_exit.o)
                              c:/winavr-20100110/bin/../lib/gcc/avr/4.3.3/../../../../avr/lib/avr5/crtm644p.o (exit)
c:/winavr-20100110/bin/../lib/gcc/avr/4.3.3/avr5\libgcc.a(_copy_data.o)
                              ./SRC/Lab1Code.o (__do_copy_data)
c:/winavr-20100110/bin/../lib/gcc/avr/4.3.3/avr5\libgcc.a(_clear_bss.o)
                              ./SRC/Lab1Code.o (__do_clear_bss)
c:/winavr-20100110/bin/../lib/gcc/avr/4.3.3/avr5\libgcc.a(_addsub_sf.o)
                              ./SRC/Lab1Code.o (__subsf3)
c:/winavr-20100110/bin/../lib/gcc/avr/4.3.3/avr5\libgcc.a(_mul_sf.o)
                              ./SRC/Lab1Code.o (__mulsf3)
c:/winavr-20100110/bin/../lib/gcc/avr/4.3.3/avr5\libgcc.a(_div_sf.o)
                              ./SRC/Lab1Code.o (__divsf3)
c:/winavr-20100110/bin/../lib/gcc/avr/4.3.3/avr5\libgcc.a(_gt_sf.o)
                              ./SRC/Lab1Code.o (__gtsf2)
c:/winavr-20100110/bin/../lib/gcc/avr/4.3.3/avr5\libgcc.a(_ge_sf.o)
                              ./SRC/Lab1Code.o (__gesf2)
c:/winavr-20100110/bin/../lib/gcc/avr/4.3.3/avr5\libgcc.a(_si_to_sf.o)
                              ./SRC/Lab1Code.o (__floatsisf)
c:/winavr-20100110/bin/../lib/gcc/avr/4.3.3/avr5\libgcc.a(_sf_to_si.o)
                              ./SRC/Lab2Code.o (__fixsfsi)
c:/winavr-20100110/bin/../lib/gcc/avr/4.3.3/avr5\libgcc.a(_thenan_sf.o)
                              c:/winavr-20100110/bin/../lib/gcc/avr/4.3.3/avr5\libgcc.a(_addsub_sf.o) (__thenan_sf)
c:/winavr-20100110/bin/../lib/gcc/avr/4.3.3/avr5\libgcc.a(_usi_to_sf.o)
                              ./SRC/Lab1Code.o (__floatunsisf)
c:/winavr-20100110/bin/../lib/gcc/avr/4.3.3/avr5\libgcc.a(_clzsi2.o)
                              c:/winavr-20100110/bin/../lib/gcc/avr/4.3.3/avr5\libgcc.a(_si_to_sf.o) (__clzsi2)
c:/winavr-20100110/bin/../lib/gcc/avr/4.3.3/avr5\libgcc.a(_pack_sf.o)
                              c:/winavr-20100110/bin/../lib/gcc/avr/4.3.3/avr5\libgcc.a(_addsub_sf.o) (__pack_f)
c:/winavr-20100110/bin/../lib/gcc/avr/4.3.3/avr5\libgcc.a(_unpack_sf.o)
                              c:/winavr-20100110/bin/../lib/gcc/avr/4.3.3/avr5\libgcc.a(_addsub_sf.o) (__unpack_f)
c:/winavr-20100110/bin/../lib/gcc/avr/4.3.3/avr5\libgcc.a(_fpcmp_parts_sf.o)
                              c:/winavr-20100110/bin/../lib/gcc/avr/4.3.3/avr5\libgcc.a(_gt_sf.o) (__fpcmp_parts_f)
c:/winavr-20100110/bin/../lib/gcc/avr/4.3.3/avr5\libgcc.a(_clz.o)
                              c:/winavr-20100110/bin/../lib/gcc/avr/4.3.3/avr5\libgcc.a(_clzsi2.o) (__clz_tab)
c:/winavr-20100110/bin/../lib/gcc/avr/4.3.3/../../../../avr/lib/avr5\libc.a(ftoa_engine.o)
                              c:/winavr-20100110/bin/../lib/gcc/avr/4.3.3/../../../../avr/lib/avr5\libprintf_flt.a(vfprintf_flt.o) (__ftoa_engine)
c:/winavr-20100110/bin/../lib/gcc/avr/4.3.3/../../../../avr/lib/avr5\libc.a(strnlen_P.o)
                              c:/winavr-20100110/bin/../lib/gcc/avr/4.3.3/../../../../avr/lib/avr5\libprintf_flt.a(vfprintf_flt.o) (strnlen_P)
c:/winavr-20100110/bin/../lib/gcc/avr/4.3.3/../../../../avr/lib/avr5\libc.a(strnlen.o)
                              c:/winavr-20100110/bin/../lib/gcc/avr/4.3.3/../../../../avr/lib/avr5\libprintf_flt.a(vfprintf_flt.o) (strnlen)
c:/winavr-20100110/bin/../lib/gcc/avr/4.3.3/../../../../avr/lib/avr5\libc.a(fputc.o)
                              c:/winavr-20100110/bin/../lib/gcc/avr/4.3.3/../../../../avr/lib/avr5\libprintf_flt.a(vfprintf_flt.o) (fputc)
c:/winavr-20100110/bin/../lib/gcc/avr/4.3.3/../../../../avr/lib/avr5\libc.a(iob.o)
                              C:\Users\Lucy\workspace\RBELib\trunk\RBELib\Release\libRBELib.a(Debug.o) (__iob)
c:/winavr-20100110/bin/../lib/gcc/avr/4.3.3/../../../../avr/lib/avr5\libc.a(printf.o)
                              ./SRC/Lab1Code.o (printf)
c:/winavr-20100110/bin/../lib/gcc/avr/4.3.3/../../../../avr/lib/avr5\libc.a(sprintf.o)
                              C:\Users\Lucy\workspace\RBELib\trunk\RBELib\Release\libRBELib.a(SetServo.o) (sprintf)
c:/winavr-20100110/bin/../lib/gcc/avr/4.3.3/../../../../avr/lib/avr5\libc.a(ultoa_invert.o)
                              c:/winavr-20100110/bin/../lib/gcc/avr/4.3.3/../../../../avr/lib/avr5\libprintf_flt.a(vfprintf_flt.o) (__ultoa_invert)

Allocating common symbols
Common symbol       size              file

PID                 0x18              ./SRC/PID.o
intTime             0x4               ./SRC/Lab2Code.o
lowLinkErr          0x4               ./SRC/Lab2Code.o
highLinkErr         0x4               ./SRC/Lab2Code.o
__iob               0x6               c:/winavr-20100110/bin/../lib/gcc/avr/4.3.3/../../../../avr/lib/avr5\libc.a(iob.o)

Memory Configuration

Name             Origin             Length             Attributes
text             0x00000000         0x00020000         xr
data             0x00800060         0x0000ffa0         rw !x
eeprom           0x00810000         0x00010000         rw !x
fuse             0x00820000         0x00000400         rw !x
lock             0x00830000         0x00000400         rw !x
signature        0x00840000         0x00000400         rw !x
*default*        0x00000000         0xffffffff

Linker script and memory map

Address of section .data set to 0x800100
LOAD c:/winavr-20100110/bin/../lib/gcc/avr/4.3.3/../../../../avr/lib/avr5/crtm644p.o
LOAD c:/winavr-20100110/bin/../lib/gcc/avr/4.3.3/../../../../avr/lib/avr5\libprintf_flt.a
LOAD c:/winavr-20100110/bin/../lib/gcc/avr/4.3.3/../../../../avr/lib/avr5\libm.a
LOAD ./SRC/ADC.o
LOAD ./SRC/DAC.o
LOAD ./SRC/Lab1Code.o
LOAD ./SRC/Lab2Code.o
LOAD ./SRC/PID.o
LOAD ./SRC/SPI.o
LOAD ./SRC/USART.o
LOAD ./SRC/main.o
LOAD C:\Users\Lucy\workspace\RBELib\trunk\RBELib\Release\libRBELib.a
LOAD c:/winavr-20100110/bin/../lib/gcc/avr/4.3.3/avr5\libgcc.a
LOAD c:/winavr-20100110/bin/../lib/gcc/avr/4.3.3/../../../../avr/lib/avr5\libc.a
LOAD c:/winavr-20100110/bin/../lib/gcc/avr/4.3.3/avr5\libgcc.a

.hash
 *(.hash)

.dynsym
 *(.dynsym)

.dynstr
 *(.dynstr)

.gnu.version
 *(.gnu.version)

.gnu.version_d
 *(.gnu.version_d)

.gnu.version_r
 *(.gnu.version_r)

.rel.init
 *(.rel.init)

.rela.init
 *(.rela.init)

.rel.text
 *(.rel.text)
 *(.rel.text.*)
 *(.rel.gnu.linkonce.t*)

.rela.text
 *(.rela.text)
 *(.rela.text.*)
 *(.rela.gnu.linkonce.t*)

.rel.fini
 *(.rel.fini)

.rela.fini
 *(.rela.fini)

.rel.rodata
 *(.rel.rodata)
 *(.rel.rodata.*)
 *(.rel.gnu.linkonce.r*)

.rela.rodata
 *(.rela.rodata)
 *(.rela.rodata.*)
 *(.rela.gnu.linkonce.r*)

.rel.data
 *(.rel.data)
 *(.rel.data.*)
 *(.rel.gnu.linkonce.d*)

.rela.data
 *(.rela.data)
 *(.rela.data.*)
 *(.rela.gnu.linkonce.d*)

.rel.ctors
 *(.rel.ctors)

.rela.ctors
 *(.rela.ctors)

.rel.dtors
 *(.rel.dtors)

.rela.dtors
 *(.rela.dtors)

.rel.got
 *(.rel.got)

.rela.got
 *(.rela.got)

.rel.bss
 *(.rel.bss)

.rela.bss
 *(.rela.bss)

.rel.plt
 *(.rel.plt)

.rela.plt
 *(.rela.plt)

.text           0x00000000     0x2caa
 *(.vectors)
 .vectors       0x00000000       0x7c c:/winavr-20100110/bin/../lib/gcc/avr/4.3.3/../../../../avr/lib/avr5/crtm644p.o
                0x00000000                __vectors
                0x00000000                __vector_default
 *(.vectors)
 *(.progmem.gcc*)
 *(.progmem*)
 .progmem.data  0x0000007c        0x8 c:/winavr-20100110/bin/../lib/gcc/avr/4.3.3/../../../../avr/lib/avr5\libprintf_flt.a(vfprintf_flt.o)
 .progmem.data  0x00000084       0xfa c:/winavr-20100110/bin/../lib/gcc/avr/4.3.3/../../../../avr/lib/avr5\libc.a(ftoa_engine.o)
                0x0000017e                . = ALIGN (0x2)
                0x0000017e                __trampolines_start = .
 *(.trampolines)
 .trampolines   0x0000017e        0x0 linker stubs
 *(.trampolines*)
                0x0000017e                __trampolines_end = .
 *(.jumptables)
 *(.jumptables*)
 *(.lowtext)
 *(.lowtext*)
                0x0000017e                __ctors_start = .
 *(.ctors)
                0x0000017e                __ctors_end = .
                0x0000017e                __dtors_start = .
 *(.dtors)
                0x0000017e                __dtors_end = .
 SORT(*)(.ctors)
 SORT(*)(.dtors)
 *(.init0)
 .init0         0x0000017e        0x0 c:/winavr-20100110/bin/../lib/gcc/avr/4.3.3/../../../../avr/lib/avr5/crtm644p.o
                0x0000017e                __init
 *(.init0)
 *(.init1)
 *(.init1)
 *(.init2)
 .init2         0x0000017e        0xc c:/winavr-20100110/bin/../lib/gcc/avr/4.3.3/../../../../avr/lib/avr5/crtm644p.o
 *(.init2)
 *(.init3)
 *(.init3)
 *(.init4)
 .init4         0x0000018a       0x16 c:/winavr-20100110/bin/../lib/gcc/avr/4.3.3/avr5\libgcc.a(_copy_data.o)
                0x0000018a                __do_copy_data
 .init4         0x000001a0       0x10 c:/winavr-20100110/bin/../lib/gcc/avr/4.3.3/avr5\libgcc.a(_clear_bss.o)
                0x000001a0                __do_clear_bss
 *(.init4)
 *(.init5)
 *(.init5)
 *(.init6)
 *(.init6)
 *(.init7)
 *(.init7)
 *(.init8)
 *(.init8)
 *(.init9)
 .init9         0x000001b0        0x8 c:/winavr-20100110/bin/../lib/gcc/avr/4.3.3/../../../../avr/lib/avr5/crtm644p.o
 *(.init9)
 *(.text)
 .text          0x000001b8        0x4 c:/winavr-20100110/bin/../lib/gcc/avr/4.3.3/../../../../avr/lib/avr5/crtm644p.o
                0x000001b8                __vector_22
                0x000001b8                __vector_28
                0x000001b8                __vector_1
                0x000001b8                __vector_24
                0x000001b8                __vector_12
                0x000001b8                __bad_interrupt
                0x000001b8                __vector_6
                0x000001b8                __vector_3
                0x000001b8                __vector_23
                0x000001b8                __vector_30
                0x000001b8                __vector_25
                0x000001b8                __vector_11
                0x000001b8                __vector_13
                0x000001b8                __vector_17
                0x000001b8                __vector_19
                0x000001b8                __vector_7
                0x000001b8                __vector_27
                0x000001b8                __vector_5
                0x000001b8                __vector_4
                0x000001b8                __vector_9
                0x000001b8                __vector_2
                0x000001b8                __vector_21
                0x000001b8                __vector_15
                0x000001b8                __vector_29
                0x000001b8                __vector_8
                0x000001b8                __vector_26
                0x000001b8                __vector_14
                0x000001b8                __vector_10
                0x000001b8                __vector_18
                0x000001b8                __vector_20
 .text          0x000001bc        0x0 c:/winavr-20100110/bin/../lib/gcc/avr/4.3.3/../../../../avr/lib/avr5\libprintf_flt.a(vfprintf_flt.o)
 .text          0x000001bc        0x0 ./SRC/ADC.o
 .text          0x000001bc        0x0 ./SRC/DAC.o
 .text          0x000001bc        0x0 ./SRC/Lab1Code.o
 .text          0x000001bc        0x0 ./SRC/Lab2Code.o
 .text          0x000001bc        0x0 ./SRC/PID.o
 .text          0x000001bc        0x0 ./SRC/SPI.o
 .text          0x000001bc        0x0 ./SRC/USART.o
 .text          0x000001bc        0x0 ./SRC/main.o
 .text          0x000001bc        0x0 C:\Users\Lucy\workspace\RBELib\trunk\RBELib\Release\libRBELib.a(Debug.o)
 .text          0x000001bc        0x0 C:\Users\Lucy\workspace\RBELib\trunk\RBELib\Release\libRBELib.a(SetServo.o)
 .text          0x000001bc        0x0 c:/winavr-20100110/bin/../lib/gcc/avr/4.3.3/avr5\libgcc.a(_udivmodsi4.o)
 .text          0x000001bc        0x0 c:/winavr-20100110/bin/../lib/gcc/avr/4.3.3/avr5\libgcc.a(_prologue.o)
 .text          0x000001bc        0x0 c:/winavr-20100110/bin/../lib/gcc/avr/4.3.3/avr5\libgcc.a(_epilogue.o)
 .text          0x000001bc        0x0 c:/winavr-20100110/bin/../lib/gcc/avr/4.3.3/avr5\libgcc.a(_exit.o)
 .text          0x000001bc        0x0 c:/winavr-20100110/bin/../lib/gcc/avr/4.3.3/avr5\libgcc.a(_copy_data.o)
 .text          0x000001bc        0x0 c:/winavr-20100110/bin/../lib/gcc/avr/4.3.3/avr5\libgcc.a(_clear_bss.o)
 .text          0x000001bc      0x354 c:/winavr-20100110/bin/../lib/gcc/avr/4.3.3/avr5\libgcc.a(_addsub_sf.o)
                0x00000454                __subsf3
                0x000004b6                __addsf3
 .text          0x00000510      0x1f4 c:/winavr-20100110/bin/../lib/gcc/avr/4.3.3/avr5\libgcc.a(_mul_sf.o)
                0x00000510                __mulsf3
 .text          0x00000704      0x158 c:/winavr-20100110/bin/../lib/gcc/avr/4.3.3/avr5\libgcc.a(_div_sf.o)
                0x00000704                __divsf3
 .text          0x0000085c       0x60 c:/winavr-20100110/bin/../lib/gcc/avr/4.3.3/avr5\libgcc.a(_gt_sf.o)
                0x0000085c                __gtsf2
 .text          0x000008bc       0x60 c:/winavr-20100110/bin/../lib/gcc/avr/4.3.3/avr5\libgcc.a(_ge_sf.o)
                0x000008bc                __gesf2
 .text          0x0000091c       0xbc c:/winavr-20100110/bin/../lib/gcc/avr/4.3.3/avr5\libgcc.a(_si_to_sf.o)
                0x0000091c                __floatsisf
 .text          0x000009d8       0xa8 c:/winavr-20100110/bin/../lib/gcc/avr/4.3.3/avr5\libgcc.a(_sf_to_si.o)
                0x000009d8                __fixsfsi
 .text          0x00000a80        0x0 c:/winavr-20100110/bin/../lib/gcc/avr/4.3.3/avr5\libgcc.a(_thenan_sf.o)
 .text          0x00000a80       0xf2 c:/winavr-20100110/bin/../lib/gcc/avr/4.3.3/avr5\libgcc.a(_usi_to_sf.o)
                0x00000a80                __floatunsisf
 .text          0x00000b72       0x9e c:/winavr-20100110/bin/../lib/gcc/avr/4.3.3/avr5\libgcc.a(_clzsi2.o)
                0x00000b72                __clzsi2
 .text          0x00000c10      0x1aa c:/winavr-20100110/bin/../lib/gcc/avr/4.3.3/avr5\libgcc.a(_pack_sf.o)
                0x00000c10                __pack_f
 .text          0x00000dba       0xf0 c:/winavr-20100110/bin/../lib/gcc/avr/4.3.3/avr5\libgcc.a(_unpack_sf.o)
                0x00000dba                __unpack_f
 .text          0x00000eaa       0xb2 c:/winavr-20100110/bin/../lib/gcc/avr/4.3.3/avr5\libgcc.a(_fpcmp_parts_sf.o)
                0x00000eaa                __fpcmp_parts_f
 .text          0x00000f5c        0x0 c:/winavr-20100110/bin/../lib/gcc/avr/4.3.3/avr5\libgcc.a(_clz.o)
 .text          0x00000f5c        0x0 c:/winavr-20100110/bin/../lib/gcc/avr/4.3.3/../../../../avr/lib/avr5\libc.a(ftoa_engine.o)
 .text          0x00000f5c        0x0 c:/winavr-20100110/bin/../lib/gcc/avr/4.3.3/../../../../avr/lib/avr5\libc.a(strnlen_P.o)
 .text          0x00000f5c        0x0 c:/winavr-20100110/bin/../lib/gcc/avr/4.3.3/../../../../avr/lib/avr5\libc.a(strnlen.o)
 .text          0x00000f5c        0x0 c:/winavr-20100110/bin/../lib/gcc/avr/4.3.3/../../../../avr/lib/avr5\libc.a(fputc.o)
 .text          0x00000f5c        0x0 c:/winavr-20100110/bin/../lib/gcc/avr/4.3.3/../../../../avr/lib/avr5\libc.a(iob.o)
 .text          0x00000f5c        0x0 c:/winavr-20100110/bin/../lib/gcc/avr/4.3.3/../../../../avr/lib/avr5\libc.a(printf.o)
 .text          0x00000f5c        0x0 c:/winavr-20100110/bin/../lib/gcc/avr/4.3.3/../../../../avr/lib/avr5\libc.a(sprintf.o)
 .text          0x00000f5c        0x0 c:/winavr-20100110/bin/../lib/gcc/avr/4.3.3/../../../../avr/lib/avr5\libc.a(ultoa_invert.o)
                0x00000f5c                . = ALIGN (0x2)
 *(.text.*)
 .text.avr-libc
                0x00000f5c      0x70e c:/winavr-20100110/bin/../lib/gcc/avr/4.3.3/../../../../avr/lib/avr5\libprintf_flt.a(vfprintf_flt.o)
                0x00000f5c                vfprintf
 .text.initADC  0x0000166a       0x1c ./SRC/ADC.o
                0x0000166a                initADC
 .text.readADC2
                0x00001686       0x38 ./SRC/ADC.o
                0x00001686                readADC2
 .text.setDAC   0x000016be       0x8c ./SRC/DAC.o
                0x000016be                setDAC
 .text.outputADC
                0x0000174a       0x2a ./SRC/Lab1Code.o
                0x0000174a                outputADC
 .text.outputPWM
                0x00001774      0x164 ./SRC/Lab1Code.o
                0x00001774                outputPWM
 .text.readSwitches
                0x000018d8       0xbc ./SRC/Lab1Code.o
                0x000018d8                readSwitches
 .text.initCLK  0x00001994       0x12 ./SRC/Lab1Code.o
                0x00001994                initCLK
 .text.initLab1
                0x000019a6       0x22 ./SRC/Lab1Code.o
                0x000019a6                initLab1
 .text.readPWM  0x000019c8      0x19a ./SRC/Lab1Code.o
                0x000019c8                readPWM
 .text.Lab1Code
                0x00001b62        0xa ./SRC/Lab1Code.o
                0x00001b62                Lab1Code
 .text.readADC  0x00001b6c      0x1ee ./SRC/Lab1Code.o
                0x00001b6c                readADC
 .text.__vector_16
                0x00001d5a      0x10e ./SRC/Lab2Code.o
                0x00001d5a                __vector_16
 .text.timerInit
                0x00001e68       0x14 ./SRC/Lab2Code.o
                0x00001e68                timerInit
 .text.initLab2
                0x00001e7c       0x6c ./SRC/Lab2Code.o
                0x00001e7c                initLab2
 .text.Triangle
                0x00001ee8       0xcc ./SRC/Lab2Code.o
                0x00001ee8                Triangle
 .text.ADCData  0x00001fb4       0xc0 ./SRC/Lab2Code.o
                0x00001fb4                ADCData
 .text.updatePID
                0x00002074       0xb2 ./SRC/Lab2Code.o
                0x00002074                updatePID
 .text.Lab2Code
                0x00002126       0xce ./SRC/Lab2Code.o
                0x00002126                Lab2Code
 .text.setConst
                0x000021f4      0x120 ./SRC/PID.o
                0x000021f4                setConst
 .text.calcPID  0x00002314      0x360 ./SRC/PID.o
                0x00002314                calcPID
 .text.initSPI  0x00002674       0x88 ./SRC/SPI.o
                0x00002674                initSPI
 .text.spiTransceive
                0x000026fc        0xc ./SRC/SPI.o
                0x000026fc                spiTransceive
 .text.debugUSARTInit
                0x00002708       0x48 ./SRC/USART.o
                0x00002708                debugUSARTInit
 .text.putCharDebug
                0x00002750       0x10 ./SRC/USART.o
                0x00002750                putCharDebug
 .text.getCharDebug
                0x00002760        0xe ./SRC/USART.o
                0x00002760                getCharDebug
 .text.main     0x0000276e       0x1a ./SRC/main.o
                0x0000276e                main
 .text.initRBELib
                0x00002788       0x1a C:\Users\Lucy\workspace\RBELib\trunk\RBELib\Release\libRBELib.a(Debug.o)
                0x00002788                initRBELib
 .text.printfRBE
                0x000027a2        0xa C:\Users\Lucy\workspace\RBELib\trunk\RBELib\Release\libRBELib.a(Debug.o)
                0x000027a2                printfRBE
 .text.initAltCom
                0x000027ac       0x38 C:\Users\Lucy\workspace\RBELib\trunk\RBELib\Release\libRBELib.a(SetServo.o)
                0x000027ac                initAltCom
 .text.setCharDebug
                0x000027e4       0x10 C:\Users\Lucy\workspace\RBELib\trunk\RBELib\Release\libRBELib.a(SetServo.o)
                0x000027e4                setCharDebug
 .text.coPrintf
                0x000027f4       0x1a C:\Users\Lucy\workspace\RBELib\trunk\RBELib\Release\libRBELib.a(SetServo.o)
                0x000027f4                coPrintf
 .text.setServo
                0x0000280e       0x84 C:\Users\Lucy\workspace\RBELib\trunk\RBELib\Release\libRBELib.a(SetServo.o)
                0x0000280e                setServo
 .text.libgcc   0x00002892       0x44 c:/winavr-20100110/bin/../lib/gcc/avr/4.3.3/avr5\libgcc.a(_udivmodsi4.o)
                0x00002892                __udivmodsi4
 .text.libgcc   0x000028d6       0x38 c:/winavr-20100110/bin/../lib/gcc/avr/4.3.3/avr5\libgcc.a(_prologue.o)
                0x000028d6                __prologue_saves__
 .text.libgcc   0x0000290e       0x36 c:/winavr-20100110/bin/../lib/gcc/avr/4.3.3/avr5\libgcc.a(_epilogue.o)
                0x0000290e                __epilogue_restores__
 .text.libgcc   0x00002944        0x0 c:/winavr-20100110/bin/../lib/gcc/avr/4.3.3/avr5\libgcc.a(_exit.o)
 .text.libgcc   0x00002944        0x0 c:/winavr-20100110/bin/../lib/gcc/avr/4.3.3/avr5\libgcc.a(_copy_data.o)
 .text.libgcc   0x00002944        0x0 c:/winavr-20100110/bin/../lib/gcc/avr/4.3.3/avr5\libgcc.a(_clear_bss.o)
 .text.avr-libc
                0x00002944      0x1b0 c:/winavr-20100110/bin/../lib/gcc/avr/4.3.3/../../../../avr/lib/avr5\libc.a(ftoa_engine.o)
                0x00002944                __ftoa_engine
 .text.avr-libc
                0x00002af4       0x16 c:/winavr-20100110/bin/../lib/gcc/avr/4.3.3/../../../../avr/lib/avr5\libc.a(strnlen_P.o)
                0x00002af4                strnlen_P
 .text.avr-libc
                0x00002b0a       0x16 c:/winavr-20100110/bin/../lib/gcc/avr/4.3.3/../../../../avr/lib/avr5\libc.a(strnlen.o)
                0x00002b0a                strnlen
 .text.avr-libc
                0x00002b20       0x58 c:/winavr-20100110/bin/../lib/gcc/avr/4.3.3/../../../../avr/lib/avr5\libc.a(fputc.o)
                0x00002b20                fputc
 .text.avr-libc
                0x00002b78       0x2a c:/winavr-20100110/bin/../lib/gcc/avr/4.3.3/../../../../avr/lib/avr5\libc.a(printf.o)
                0x00002b78                printf
 .text.avr-libc
                0x00002ba2       0x48 c:/winavr-20100110/bin/../lib/gcc/avr/4.3.3/../../../../avr/lib/avr5\libc.a(sprintf.o)
                0x00002ba2                sprintf
 .text.avr-libc
                0x00002bea       0xbc c:/winavr-20100110/bin/../lib/gcc/avr/4.3.3/../../../../avr/lib/avr5\libc.a(ultoa_invert.o)
                0x00002bea                __ultoa_invert
                0x00002ca6                . = ALIGN (0x2)
 *(.fini9)
 .fini9         0x00002ca6        0x0 c:/winavr-20100110/bin/../lib/gcc/avr/4.3.3/avr5\libgcc.a(_exit.o)
                0x00002ca6                exit
                0x00002ca6                _exit
 *(.fini9)
 *(.fini8)
 *(.fini8)
 *(.fini7)
 *(.fini7)
 *(.fini6)
 *(.fini6)
 *(.fini5)
 *(.fini5)
 *(.fini4)
 *(.fini4)
 *(.fini3)
 *(.fini3)
 *(.fini2)
 *(.fini2)
 *(.fini1)
 *(.fini1)
 *(.fini0)
 .fini0         0x00002ca6        0x4 c:/winavr-20100110/bin/../lib/gcc/avr/4.3.3/avr5\libgcc.a(_exit.o)
 *(.fini0)
                0x00002caa                _etext = .

.data           0x00800100      0x1c8 load address 0x00002caa
                0x00800100                PROVIDE (__data_start, .)
 *(.data)
 .data          0x00800100        0x0 c:/winavr-20100110/bin/../lib/gcc/avr/4.3.3/../../../../avr/lib/avr5/crtm644p.o
 .data          0x00800100        0x0 c:/winavr-20100110/bin/../lib/gcc/avr/4.3.3/../../../../avr/lib/avr5\libprintf_flt.a(vfprintf_flt.o)
 .data          0x00800100        0x0 ./SRC/ADC.o
 .data          0x00800100        0x0 ./SRC/DAC.o
 .data          0x00800100       0x5b ./SRC/Lab1Code.o
 .data          0x0080015b       0x2b ./SRC/Lab2Code.o
 .data          0x00800186        0x0 ./SRC/PID.o
 .data          0x00800186        0x0 ./SRC/SPI.o
 .data          0x00800186        0x0 ./SRC/USART.o
 .data          0x00800186        0x0 ./SRC/main.o
 .data          0x00800186        0x0 C:\Users\Lucy\workspace\RBELib\trunk\RBELib\Release\libRBELib.a(Debug.o)
 .data          0x00800186       0x14 C:\Users\Lucy\workspace\RBELib\trunk\RBELib\Release\libRBELib.a(SetServo.o)
 .data          0x0080019a        0x0 c:/winavr-20100110/bin/../lib/gcc/avr/4.3.3/avr5\libgcc.a(_udivmodsi4.o)
 .data          0x0080019a        0x0 c:/winavr-20100110/bin/../lib/gcc/avr/4.3.3/avr5\libgcc.a(_prologue.o)
 .data          0x0080019a        0x0 c:/winavr-20100110/bin/../lib/gcc/avr/4.3.3/avr5\libgcc.a(_epilogue.o)
 .data          0x0080019a        0x0 c:/winavr-20100110/bin/../lib/gcc/avr/4.3.3/avr5\libgcc.a(_exit.o)
 .data          0x0080019a        0x0 c:/winavr-20100110/bin/../lib/gcc/avr/4.3.3/avr5\libgcc.a(_copy_data.o)
 .data          0x0080019a        0x0 c:/winavr-20100110/bin/../lib/gcc/avr/4.3.3/avr5\libgcc.a(_clear_bss.o)
 .data          0x0080019a        0x0 c:/winavr-20100110/bin/../lib/gcc/avr/4.3.3/avr5\libgcc.a(_addsub_sf.o)
 .data          0x0080019a        0x0 c:/winavr-20100110/bin/../lib/gcc/avr/4.3.3/avr5\libgcc.a(_mul_sf.o)
 .data          0x0080019a        0x0 c:/winavr-20100110/bin/../lib/gcc/avr/4.3.3/avr5\libgcc.a(_div_sf.o)
 .data          0x0080019a        0x0 c:/winavr-20100110/bin/../lib/gcc/avr/4.3.3/avr5\libgcc.a(_gt_sf.o)
 .data          0x0080019a        0x0 c:/winavr-20100110/bin/../lib/gcc/avr/4.3.3/avr5\libgcc.a(_ge_sf.o)
 .data          0x0080019a        0x0 c:/winavr-20100110/bin/../lib/gcc/avr/4.3.3/avr5\libgcc.a(_si_to_sf.o)
 .data          0x0080019a        0x0 c:/winavr-20100110/bin/../lib/gcc/avr/4.3.3/avr5\libgcc.a(_sf_to_si.o)
 .data          0x0080019a        0x8 c:/winavr-20100110/bin/../lib/gcc/avr/4.3.3/avr5\libgcc.a(_thenan_sf.o)
                0x0080019a                __thenan_sf
 .data          0x008001a2        0x0 c:/winavr-20100110/bin/../lib/gcc/avr/4.3.3/avr5\libgcc.a(_usi_to_sf.o)
 .data          0x008001a2        0x0 c:/winavr-20100110/bin/../lib/gcc/avr/4.3.3/avr5\libgcc.a(_clzsi2.o)
 .data          0x008001a2        0x0 c:/winavr-20100110/bin/../lib/gcc/avr/4.3.3/avr5\libgcc.a(_pack_sf.o)
 .data          0x008001a2        0x0 c:/winavr-20100110/bin/../lib/gcc/avr/4.3.3/avr5\libgcc.a(_unpack_sf.o)
 .data          0x008001a2        0x0 c:/winavr-20100110/bin/../lib/gcc/avr/4.3.3/avr5\libgcc.a(_fpcmp_parts_sf.o)
 .data          0x008001a2      0x100 c:/winavr-20100110/bin/../lib/gcc/avr/4.3.3/avr5\libgcc.a(_clz.o)
                0x008001a2                __clz_tab
 .data          0x008002a2        0x0 c:/winavr-20100110/bin/../lib/gcc/avr/4.3.3/../../../../avr/lib/avr5\libc.a(ftoa_engine.o)
 .data          0x008002a2        0x0 c:/winavr-20100110/bin/../lib/gcc/avr/4.3.3/../../../../avr/lib/avr5\libc.a(strnlen_P.o)
 .data          0x008002a2        0x0 c:/winavr-20100110/bin/../lib/gcc/avr/4.3.3/../../../../avr/lib/avr5\libc.a(strnlen.o)
 .data          0x008002a2        0x0 c:/winavr-20100110/bin/../lib/gcc/avr/4.3.3/../../../../avr/lib/avr5\libc.a(fputc.o)
 .data          0x008002a2        0x0 c:/winavr-20100110/bin/../lib/gcc/avr/4.3.3/../../../../avr/lib/avr5\libc.a(iob.o)
 .data          0x008002a2        0x0 c:/winavr-20100110/bin/../lib/gcc/avr/4.3.3/../../../../avr/lib/avr5\libc.a(printf.o)
 .data          0x008002a2        0x0 c:/winavr-20100110/bin/../lib/gcc/avr/4.3.3/../../../../avr/lib/avr5\libc.a(sprintf.o)
 .data          0x008002a2        0x0 c:/winavr-20100110/bin/../lib/gcc/avr/4.3.3/../../../../avr/lib/avr5\libc.a(ultoa_invert.o)
 *(.data*)
 .data.frequency
                0x008002a2        0x4 ./SRC/Lab1Code.o
                0x008002a2                frequency
 .data.dutyCycle
                0x008002a6        0x4 ./SRC/Lab1Code.o
                0x008002a6                dutyCycle
 .data.dutyCycle2
                0x008002aa        0x4 ./SRC/Lab1Code.o
                0x008002aa                dutyCycle2
 .data.globalVal
                0x008002ae        0x4 ./SRC/Lab2Code.o
                0x008002ae                globalVal
 .data.highSetP
                0x008002b2        0x2 ./SRC/Lab2Code.o
                0x008002b2                highSetP
 .data.lowSetP  0x008002b4        0x2 ./SRC/Lab2Code.o
                0x008002b4                lowSetP
 .data.up       0x008002b6        0x2 ./SRC/Lab2Code.o
                0x008002b6                up
 .data.sig1     0x008002b8        0x2 ./SRC/Lab2Code.o
                0x008002b8                sig1
 .data.RBEOut   0x008002ba        0xe C:\Users\Lucy\workspace\RBELib\trunk\RBELib\Release\libRBELib.a(Debug.o)
 *(.rodata)
 *(.rodata*)
 *(.gnu.linkonce.d*)
                0x008002c8                . = ALIGN (0x2)
                0x008002c8                _edata = .
                0x008002c8                PROVIDE (__data_end, .)

.bss            0x008002c8       0x92
                0x008002c8                PROVIDE (__bss_start, .)
 *(.bss)
 .bss           0x008002c8        0x0 c:/winavr-20100110/bin/../lib/gcc/avr/4.3.3/../../../../avr/lib/avr5/crtm644p.o
 .bss           0x008002c8        0x0 c:/winavr-20100110/bin/../lib/gcc/avr/4.3.3/../../../../avr/lib/avr5\libprintf_flt.a(vfprintf_flt.o)
 .bss           0x008002c8        0x0 ./SRC/ADC.o
 .bss           0x008002c8        0x0 ./SRC/DAC.o
 .bss           0x008002c8        0x0 ./SRC/Lab1Code.o
 .bss           0x008002c8        0x0 ./SRC/Lab2Code.o
 .bss           0x008002c8        0x0 ./SRC/PID.o
 .bss           0x008002c8        0x0 ./SRC/SPI.o
 .bss           0x008002c8        0x0 ./SRC/USART.o
 .bss           0x008002c8        0x0 ./SRC/main.o
 .bss           0x008002c8        0x0 C:\Users\Lucy\workspace\RBELib\trunk\RBELib\Release\libRBELib.a(Debug.o)
 .bss           0x008002c8        0x0 C:\Users\Lucy\workspace\RBELib\trunk\RBELib\Release\libRBELib.a(SetServo.o)
 .bss           0x008002c8        0x0 c:/winavr-20100110/bin/../lib/gcc/avr/4.3.3/avr5\libgcc.a(_udivmodsi4.o)
 .bss           0x008002c8        0x0 c:/winavr-20100110/bin/../lib/gcc/avr/4.3.3/avr5\libgcc.a(_prologue.o)
 .bss           0x008002c8        0x0 c:/winavr-20100110/bin/../lib/gcc/avr/4.3.3/avr5\libgcc.a(_epilogue.o)
 .bss           0x008002c8        0x0 c:/winavr-20100110/bin/../lib/gcc/avr/4.3.3/avr5\libgcc.a(_exit.o)
 .bss           0x008002c8        0x0 c:/winavr-20100110/bin/../lib/gcc/avr/4.3.3/avr5\libgcc.a(_copy_data.o)
 .bss           0x008002c8        0x0 c:/winavr-20100110/bin/../lib/gcc/avr/4.3.3/avr5\libgcc.a(_clear_bss.o)
 .bss           0x008002c8        0x0 c:/winavr-20100110/bin/../lib/gcc/avr/4.3.3/avr5\libgcc.a(_addsub_sf.o)
 .bss           0x008002c8        0x0 c:/winavr-20100110/bin/../lib/gcc/avr/4.3.3/avr5\libgcc.a(_mul_sf.o)
 .bss           0x008002c8        0x0 c:/winavr-20100110/bin/../lib/gcc/avr/4.3.3/avr5\libgcc.a(_div_sf.o)
 .bss           0x008002c8        0x0 c:/winavr-20100110/bin/../lib/gcc/avr/4.3.3/avr5\libgcc.a(_gt_sf.o)
 .bss           0x008002c8        0x0 c:/winavr-20100110/bin/../lib/gcc/avr/4.3.3/avr5\libgcc.a(_ge_sf.o)
 .bss           0x008002c8        0x0 c:/winavr-20100110/bin/../lib/gcc/avr/4.3.3/avr5\libgcc.a(_si_to_sf.o)
 .bss           0x008002c8        0x0 c:/winavr-20100110/bin/../lib/gcc/avr/4.3.3/avr5\libgcc.a(_sf_to_si.o)
 .bss           0x008002c8        0x0 c:/winavr-20100110/bin/../lib/gcc/avr/4.3.3/avr5\libgcc.a(_thenan_sf.o)
 .bss           0x008002c8        0x0 c:/winavr-20100110/bin/../lib/gcc/avr/4.3.3/avr5\libgcc.a(_usi_to_sf.o)
 .bss           0x008002c8        0x0 c:/winavr-20100110/bin/../lib/gcc/avr/4.3.3/avr5\libgcc.a(_clzsi2.o)
 .bss           0x008002c8        0x0 c:/winavr-20100110/bin/../lib/gcc/avr/4.3.3/avr5\libgcc.a(_pack_sf.o)
 .bss           0x008002c8        0x0 c:/winavr-20100110/bin/../lib/gcc/avr/4.3.3/avr5\libgcc.a(_unpack_sf.o)
 .bss           0x008002c8        0x0 c:/winavr-20100110/bin/../lib/gcc/avr/4.3.3/avr5\libgcc.a(_fpcmp_parts_sf.o)
 .bss           0x008002c8        0x0 c:/winavr-20100110/bin/../lib/gcc/avr/4.3.3/avr5\libgcc.a(_clz.o)
 .bss           0x008002c8        0x0 c:/winavr-20100110/bin/../lib/gcc/avr/4.3.3/../../../../avr/lib/avr5\libc.a(ftoa_engine.o)
 .bss           0x008002c8        0x0 c:/winavr-20100110/bin/../lib/gcc/avr/4.3.3/../../../../avr/lib/avr5\libc.a(strnlen_P.o)
 .bss           0x008002c8        0x0 c:/winavr-20100110/bin/../lib/gcc/avr/4.3.3/../../../../avr/lib/avr5\libc.a(strnlen.o)
 .bss           0x008002c8        0x0 c:/winavr-20100110/bin/../lib/gcc/avr/4.3.3/../../../../avr/lib/avr5\libc.a(fputc.o)
 .bss           0x008002c8        0x0 c:/winavr-20100110/bin/../lib/gcc/avr/4.3.3/../../../../avr/lib/avr5\libc.a(iob.o)
 .bss           0x008002c8        0x0 c:/winavr-20100110/bin/../lib/gcc/avr/4.3.3/../../../../avr/lib/avr5\libc.a(printf.o)
 .bss           0x008002c8        0x0 c:/winavr-20100110/bin/../lib/gcc/avr/4.3.3/../../../../avr/lib/avr5\libc.a(sprintf.o)
 .bss           0x008002c8        0x0 c:/winavr-20100110/bin/../lib/gcc/avr/4.3.3/../../../../avr/lib/avr5\libc.a(ultoa_invert.o)
 *(.bss*)
 .bss.time      0x008002c8        0x2 ./SRC/Lab1Code.o
                0x008002c8                time
 .bss.timerCounter
                0x008002ca        0x4 ./SRC/Lab1Code.o
                0x008002ca                timerCounter
 .bss.i         0x008002ce        0x2 ./SRC/Lab1Code.o
                0x008002ce                i
 .bss.globalCount
                0x008002d0        0x4 ./SRC/Lab1Code.o
                0x008002d0                globalCount
 .bss.butP      0x008002d4        0x2 ./SRC/Lab1Code.o
                0x008002d4                butP
 .bss.angle     0x008002d6        0x4 ./SRC/Lab1Code.o
                0x008002d6                angle
 .bss.value     0x008002da        0x2 ./SRC/Lab1Code.o
                0x008002da                value
 .bss.higByte   0x008002dc        0x2 ./SRC/Lab1Code.o
                0x008002dc                higByte
 .bss.count     0x008002de        0x4 ./SRC/Lab1Code.o
                0x008002de                count
 .bss.mV        0x008002e2        0x4 ./SRC/Lab1Code.o
                0x008002e2                mV
 .bss.angle2    0x008002e6        0x4 ./SRC/Lab2Code.o
                0x008002e6                angle2
 .bss.value2    0x008002ea        0x2 ./SRC/Lab2Code.o
                0x008002ea                value2
 .bss.higByte2  0x008002ec        0x2 ./SRC/Lab2Code.o
                0x008002ec                higByte2
 .bss.count2    0x008002ee        0x4 ./SRC/Lab2Code.o
                0x008002ee                count2
 .bss.mV2       0x008002f2        0x4 ./SRC/Lab2Code.o
                0x008002f2                mV2
 .bss.global    0x008002f6        0x2 ./SRC/Lab2Code.o
                0x008002f6                global
 .bss.secondaryCount
                0x008002f8        0x2 ./SRC/Lab2Code.o
                0x008002f8                secondaryCount
 .bss.DACcounts
                0x008002fa        0x4 ./SRC/Lab2Code.o
                0x008002fa                DACcounts
 .bss.toggle    0x008002fe        0x2 ./SRC/Lab2Code.o
                0x008002fe                toggle
 .bss.systemTime
                0x00800300        0x4 ./SRC/Lab2Code.o
                0x00800300                systemTime
 .bss.PIDcheck  0x00800304        0x2 ./SRC/Lab2Code.o
                0x00800304                PIDcheck
 .bss.sig0      0x00800306        0x2 ./SRC/Lab2Code.o
                0x00800306                sig0
 .bss.LastErrorL
                0x00800308        0x4 ./SRC/PID.o
                0x00800308                LastErrorL
 .bss.LastErrorH
                0x0080030c        0x4 ./SRC/PID.o
                0x0080030c                LastErrorH
 .bss.PrevLastErrorL
                0x00800310        0x4 ./SRC/PID.o
                0x00800310                PrevLastErrorL
 .bss.PrevLastErrorH
                0x00800314        0x4 ./SRC/PID.o
                0x00800314                PrevLastErrorH
 .bss.PrevL     0x00800318        0x4 ./SRC/PID.o
                0x00800318                PrevL
 .bss.PrevH     0x0080031c        0x4 ./SRC/PID.o
                0x0080031c                PrevH
 .bss.TdL       0x00800320        0x4 ./SRC/PID.o
                0x00800320                TdL
 .bss.TdH       0x00800324        0x4 ./SRC/PID.o
                0x00800324                TdH
 .bss.TiL       0x00800328        0x4 ./SRC/PID.o
                0x00800328                TiL
 .bss.TiH       0x0080032c        0x4 ./SRC/PID.o
                0x0080032c                TiH
 *(COMMON)
 COMMON         0x00800330        0xc ./SRC/Lab2Code.o
                0x00800330                intTime
                0x00800334                lowLinkErr
                0x00800338                highLinkErr
 COMMON         0x0080033c       0x18 ./SRC/PID.o
                0x0080033c                PID
 COMMON         0x00800354        0x6 c:/winavr-20100110/bin/../lib/gcc/avr/4.3.3/../../../../avr/lib/avr5\libc.a(iob.o)
                0x00800354                __iob
                0x0080035a                PROVIDE (__bss_end, .)
                0x00002caa                __data_load_start = LOADADDR (.data)
                0x00002e72                __data_load_end = (__data_load_start + SIZEOF (.data))

.noinit         0x0080035a        0x0
                0x0080035a                PROVIDE (__noinit_start, .)
 *(.noinit*)
                0x0080035a                PROVIDE (__noinit_end, .)
                0x0080035a                _end = .
                0x0080035a                PROVIDE (__heap_start, .)

.eeprom         0x00810000        0x0
 *(.eeprom*)
                0x00810000                __eeprom_end = .

.fuse
 *(.fuse)
 *(.lfuse)
 *(.hfuse)
 *(.efuse)

.lock
 *(.lock*)

.signature
 *(.signature*)

.stab
 *(.stab)

.stabstr
 *(.stabstr)

.stab.excl
 *(.stab.excl)

.stab.exclstr
 *(.stab.exclstr)

.stab.index
 *(.stab.index)

.stab.indexstr
 *(.stab.indexstr)

.comment
 *(.comment)

.debug
 *(.debug)

.line
 *(.line)

.debug_srcinfo
 *(.debug_srcinfo)

.debug_sfnames
 *(.debug_sfnames)

.debug_aranges  0x00000000      0x180
 *(.debug_aranges)
 .debug_aranges
                0x00000000       0x20 c:/winavr-20100110/bin/../lib/gcc/avr/4.3.3/avr5\libgcc.a(_addsub_sf.o)
 .debug_aranges
                0x00000020       0x20 c:/winavr-20100110/bin/../lib/gcc/avr/4.3.3/avr5\libgcc.a(_mul_sf.o)
 .debug_aranges
                0x00000040       0x20 c:/winavr-20100110/bin/../lib/gcc/avr/4.3.3/avr5\libgcc.a(_div_sf.o)
 .debug_aranges
                0x00000060       0x20 c:/winavr-20100110/bin/../lib/gcc/avr/4.3.3/avr5\libgcc.a(_gt_sf.o)
 .debug_aranges
                0x00000080       0x20 c:/winavr-20100110/bin/../lib/gcc/avr/4.3.3/avr5\libgcc.a(_ge_sf.o)
 .debug_aranges
                0x000000a0       0x20 c:/winavr-20100110/bin/../lib/gcc/avr/4.3.3/avr5\libgcc.a(_si_to_sf.o)
 .debug_aranges
                0x000000c0       0x20 c:/winavr-20100110/bin/../lib/gcc/avr/4.3.3/avr5\libgcc.a(_sf_to_si.o)
 .debug_aranges
                0x000000e0       0x20 c:/winavr-20100110/bin/../lib/gcc/avr/4.3.3/avr5\libgcc.a(_usi_to_sf.o)
 .debug_aranges
                0x00000100       0x20 c:/winavr-20100110/bin/../lib/gcc/avr/4.3.3/avr5\libgcc.a(_clzsi2.o)
 .debug_aranges
                0x00000120       0x20 c:/winavr-20100110/bin/../lib/gcc/avr/4.3.3/avr5\libgcc.a(_pack_sf.o)
 .debug_aranges
                0x00000140       0x20 c:/winavr-20100110/bin/../lib/gcc/avr/4.3.3/avr5\libgcc.a(_unpack_sf.o)
 .debug_aranges
                0x00000160       0x20 c:/winavr-20100110/bin/../lib/gcc/avr/4.3.3/avr5\libgcc.a(_fpcmp_parts_sf.o)

.debug_pubnames
                0x00000000      0x1d3
 *(.debug_pubnames)
 .debug_pubnames
                0x00000000       0x2c c:/winavr-20100110/bin/../lib/gcc/avr/4.3.3/avr5\libgcc.a(_addsub_sf.o)
 .debug_pubnames
                0x0000002c       0x1f c:/winavr-20100110/bin/../lib/gcc/avr/4.3.3/avr5\libgcc.a(_mul_sf.o)
 .debug_pubnames
                0x0000004b       0x1f c:/winavr-20100110/bin/../lib/gcc/avr/4.3.3/avr5\libgcc.a(_div_sf.o)
 .debug_pubnames
                0x0000006a       0x1e c:/winavr-20100110/bin/../lib/gcc/avr/4.3.3/avr5\libgcc.a(_gt_sf.o)
 .debug_pubnames
                0x00000088       0x1e c:/winavr-20100110/bin/../lib/gcc/avr/4.3.3/avr5\libgcc.a(_ge_sf.o)
 .debug_pubnames
                0x000000a6       0x22 c:/winavr-20100110/bin/../lib/gcc/avr/4.3.3/avr5\libgcc.a(_si_to_sf.o)
 .debug_pubnames
                0x000000c8       0x20 c:/winavr-20100110/bin/../lib/gcc/avr/4.3.3/avr5\libgcc.a(_sf_to_si.o)
 .debug_pubnames
                0x000000e8       0x22 c:/winavr-20100110/bin/../lib/gcc/avr/4.3.3/avr5\libgcc.a(_thenan_sf.o)
 .debug_pubnames
                0x0000010a       0x24 c:/winavr-20100110/bin/../lib/gcc/avr/4.3.3/avr5\libgcc.a(_usi_to_sf.o)
 .debug_pubnames
                0x0000012e       0x1f c:/winavr-20100110/bin/../lib/gcc/avr/4.3.3/avr5\libgcc.a(_clzsi2.o)
 .debug_pubnames
                0x0000014d       0x1f c:/winavr-20100110/bin/../lib/gcc/avr/4.3.3/avr5\libgcc.a(_pack_sf.o)
 .debug_pubnames
                0x0000016c       0x21 c:/winavr-20100110/bin/../lib/gcc/avr/4.3.3/avr5\libgcc.a(_unpack_sf.o)
 .debug_pubnames
                0x0000018d       0x26 c:/winavr-20100110/bin/../lib/gcc/avr/4.3.3/avr5\libgcc.a(_fpcmp_parts_sf.o)
 .debug_pubnames
                0x000001b3       0x20 c:/winavr-20100110/bin/../lib/gcc/avr/4.3.3/avr5\libgcc.a(_clz.o)

.debug_info     0x00000000     0x22e2
 *(.debug_info)
 .debug_info    0x00000000      0x47a c:/winavr-20100110/bin/../lib/gcc/avr/4.3.3/avr5\libgcc.a(_addsub_sf.o)
 .debug_info    0x0000047a      0x485 c:/winavr-20100110/bin/../lib/gcc/avr/4.3.3/avr5\libgcc.a(_mul_sf.o)
 .debug_info    0x000008ff      0x3fc c:/winavr-20100110/bin/../lib/gcc/avr/4.3.3/avr5\libgcc.a(_div_sf.o)
 .debug_info    0x00000cfb      0x27f c:/winavr-20100110/bin/../lib/gcc/avr/4.3.3/avr5\libgcc.a(_gt_sf.o)
 .debug_info    0x00000f7a      0x27f c:/winavr-20100110/bin/../lib/gcc/avr/4.3.3/avr5\libgcc.a(_ge_sf.o)
 .debug_info    0x000011f9      0x207 c:/winavr-20100110/bin/../lib/gcc/avr/4.3.3/avr5\libgcc.a(_si_to_sf.o)
 .debug_info    0x00001400      0x2b0 c:/winavr-20100110/bin/../lib/gcc/avr/4.3.3/avr5\libgcc.a(_sf_to_si.o)
 .debug_info    0x000016b0      0x12c c:/winavr-20100110/bin/../lib/gcc/avr/4.3.3/avr5\libgcc.a(_thenan_sf.o)
 .debug_info    0x000017dc      0x206 c:/winavr-20100110/bin/../lib/gcc/avr/4.3.3/avr5\libgcc.a(_usi_to_sf.o)
 .debug_info    0x000019e2      0x117 c:/winavr-20100110/bin/../lib/gcc/avr/4.3.3/avr5\libgcc.a(_clzsi2.o)
 .debug_info    0x00001af9      0x2df c:/winavr-20100110/bin/../lib/gcc/avr/4.3.3/avr5\libgcc.a(_pack_sf.o)
 .debug_info    0x00001dd8      0x251 c:/winavr-20100110/bin/../lib/gcc/avr/4.3.3/avr5\libgcc.a(_unpack_sf.o)
 .debug_info    0x00002029      0x210 c:/winavr-20100110/bin/../lib/gcc/avr/4.3.3/avr5\libgcc.a(_fpcmp_parts_sf.o)
 .debug_info    0x00002239       0xa9 c:/winavr-20100110/bin/../lib/gcc/avr/4.3.3/avr5\libgcc.a(_clz.o)
 *(.gnu.linkonce.wi.*)

.debug_abbrev   0x00000000     0x1317
 *(.debug_abbrev)
 .debug_abbrev  0x00000000      0x1ea c:/winavr-20100110/bin/../lib/gcc/avr/4.3.3/avr5\libgcc.a(_addsub_sf.o)
 .debug_abbrev  0x000001ea      0x21b c:/winavr-20100110/bin/../lib/gcc/avr/4.3.3/avr5\libgcc.a(_mul_sf.o)
 .debug_abbrev  0x00000405      0x216 c:/winavr-20100110/bin/../lib/gcc/avr/4.3.3/avr5\libgcc.a(_div_sf.o)
 .debug_abbrev  0x0000061b      0x15a c:/winavr-20100110/bin/../lib/gcc/avr/4.3.3/avr5\libgcc.a(_gt_sf.o)
 .debug_abbrev  0x00000775      0x15a c:/winavr-20100110/bin/../lib/gcc/avr/4.3.3/avr5\libgcc.a(_ge_sf.o)
 .debug_abbrev  0x000008cf      0x148 c:/winavr-20100110/bin/../lib/gcc/avr/4.3.3/avr5\libgcc.a(_si_to_sf.o)
 .debug_abbrev  0x00000a17      0x17f c:/winavr-20100110/bin/../lib/gcc/avr/4.3.3/avr5\libgcc.a(_sf_to_si.o)
 .debug_abbrev  0x00000b96       0xad c:/winavr-20100110/bin/../lib/gcc/avr/4.3.3/avr5\libgcc.a(_thenan_sf.o)
 .debug_abbrev  0x00000c43      0x157 c:/winavr-20100110/bin/../lib/gcc/avr/4.3.3/avr5\libgcc.a(_usi_to_sf.o)
 .debug_abbrev  0x00000d9a       0xc4 c:/winavr-20100110/bin/../lib/gcc/avr/4.3.3/avr5\libgcc.a(_clzsi2.o)
 .debug_abbrev  0x00000e5e      0x1c0 c:/winavr-20100110/bin/../lib/gcc/avr/4.3.3/avr5\libgcc.a(_pack_sf.o)
 .debug_abbrev  0x0000101e      0x154 c:/winavr-20100110/bin/../lib/gcc/avr/4.3.3/avr5\libgcc.a(_unpack_sf.o)
 .debug_abbrev  0x00001172      0x13b c:/winavr-20100110/bin/../lib/gcc/avr/4.3.3/avr5\libgcc.a(_fpcmp_parts_sf.o)
 .debug_abbrev  0x000012ad       0x6a c:/winavr-20100110/bin/../lib/gcc/avr/4.3.3/avr5\libgcc.a(_clz.o)

.debug_line     0x00000000     0x1191
 *(.debug_line)
 .debug_line    0x00000000      0x2af c:/winavr-20100110/bin/../lib/gcc/avr/4.3.3/avr5\libgcc.a(_addsub_sf.o)
 .debug_line    0x000002af      0x239 c:/winavr-20100110/bin/../lib/gcc/avr/4.3.3/avr5\libgcc.a(_mul_sf.o)
 .debug_line    0x000004e8      0x1d5 c:/winavr-20100110/bin/../lib/gcc/avr/4.3.3/avr5\libgcc.a(_div_sf.o)
 .debug_line    0x000006bd       0xd3 c:/winavr-20100110/bin/../lib/gcc/avr/4.3.3/avr5\libgcc.a(_gt_sf.o)
 .debug_line    0x00000790       0xd3 c:/winavr-20100110/bin/../lib/gcc/avr/4.3.3/avr5\libgcc.a(_ge_sf.o)
 .debug_line    0x00000863      0x135 c:/winavr-20100110/bin/../lib/gcc/avr/4.3.3/avr5\libgcc.a(_si_to_sf.o)
 .debug_line    0x00000998      0x109 c:/winavr-20100110/bin/../lib/gcc/avr/4.3.3/avr5\libgcc.a(_sf_to_si.o)
 .debug_line    0x00000aa1       0x90 c:/winavr-20100110/bin/../lib/gcc/avr/4.3.3/avr5\libgcc.a(_thenan_sf.o)
 .debug_line    0x00000b31      0x133 c:/winavr-20100110/bin/../lib/gcc/avr/4.3.3/avr5\libgcc.a(_usi_to_sf.o)
 .debug_line    0x00000c64       0xa5 c:/winavr-20100110/bin/../lib/gcc/avr/4.3.3/avr5\libgcc.a(_clzsi2.o)
 .debug_line    0x00000d09      0x18a c:/winavr-20100110/bin/../lib/gcc/avr/4.3.3/avr5\libgcc.a(_pack_sf.o)
 .debug_line    0x00000e93      0x14b c:/winavr-20100110/bin/../lib/gcc/avr/4.3.3/avr5\libgcc.a(_unpack_sf.o)
 .debug_line    0x00000fde      0x137 c:/winavr-20100110/bin/../lib/gcc/avr/4.3.3/avr5\libgcc.a(_fpcmp_parts_sf.o)
 .debug_line    0x00001115       0x7c c:/winavr-20100110/bin/../lib/gcc/avr/4.3.3/avr5\libgcc.a(_clz.o)

.debug_frame    0x00000000      0x1a0
 *(.debug_frame)
 .debug_frame   0x00000000       0x40 c:/winavr-20100110/bin/../lib/gcc/avr/4.3.3/avr5\libgcc.a(_addsub_sf.o)
 .debug_frame   0x00000040       0x20 c:/winavr-20100110/bin/../lib/gcc/avr/4.3.3/avr5\libgcc.a(_mul_sf.o)
 .debug_frame   0x00000060       0x20 c:/winavr-20100110/bin/../lib/gcc/avr/4.3.3/avr5\libgcc.a(_div_sf.o)
 .debug_frame   0x00000080       0x20 c:/winavr-20100110/bin/../lib/gcc/avr/4.3.3/avr5\libgcc.a(_gt_sf.o)
 .debug_frame   0x000000a0       0x20 c:/winavr-20100110/bin/../lib/gcc/avr/4.3.3/avr5\libgcc.a(_ge_sf.o)
 .debug_frame   0x000000c0       0x20 c:/winavr-20100110/bin/../lib/gcc/avr/4.3.3/avr5\libgcc.a(_si_to_sf.o)
 .debug_frame   0x000000e0       0x20 c:/winavr-20100110/bin/../lib/gcc/avr/4.3.3/avr5\libgcc.a(_sf_to_si.o)
 .debug_frame   0x00000100       0x20 c:/winavr-20100110/bin/../lib/gcc/avr/4.3.3/avr5\libgcc.a(_usi_to_sf.o)
 .debug_frame   0x00000120       0x20 c:/winavr-20100110/bin/../lib/gcc/avr/4.3.3/avr5\libgcc.a(_clzsi2.o)
 .debug_frame   0x00000140       0x20 c:/winavr-20100110/bin/../lib/gcc/avr/4.3.3/avr5\libgcc.a(_pack_sf.o)
 .debug_frame   0x00000160       0x20 c:/winavr-20100110/bin/../lib/gcc/avr/4.3.3/avr5\libgcc.a(_unpack_sf.o)
 .debug_frame   0x00000180       0x20 c:/winavr-20100110/bin/../lib/gcc/avr/4.3.3/avr5\libgcc.a(_fpcmp_parts_sf.o)

.debug_str      0x00000000      0x2f2
 *(.debug_str)
 .debug_str     0x00000000      0x19e c:/winavr-20100110/bin/../lib/gcc/avr/4.3.3/avr5\libgcc.a(_addsub_sf.o)
                                0x206 (size before relaxing)
 .debug_str     0x0000019e       0x27 c:/winavr-20100110/bin/../lib/gcc/avr/4.3.3/avr5\libgcc.a(_mul_sf.o)
                                0x1bf (size before relaxing)
 .debug_str     0x000001c5       0x35 c:/winavr-20100110/bin/../lib/gcc/avr/4.3.3/avr5\libgcc.a(_div_sf.o)
                                0x1c8 (size before relaxing)
 .debug_str     0x000001fa        0x8 c:/winavr-20100110/bin/../lib/gcc/avr/4.3.3/avr5\libgcc.a(_gt_sf.o)
                                0x195 (size before relaxing)
 .debug_str     0x00000202        0x8 c:/winavr-20100110/bin/../lib/gcc/avr/4.3.3/avr5\libgcc.a(_ge_sf.o)
                                0x195 (size before relaxing)
 .debug_str     0x0000020a       0x1e c:/winavr-20100110/bin/../lib/gcc/avr/4.3.3/avr5\libgcc.a(_si_to_sf.o)
                                0x17b (size before relaxing)
 .debug_str     0x00000228        0xa c:/winavr-20100110/bin/../lib/gcc/avr/4.3.3/avr5\libgcc.a(_sf_to_si.o)
                                0x19e (size before relaxing)
 .debug_str     0x00000000      0x103 c:/winavr-20100110/bin/../lib/gcc/avr/4.3.3/avr5\libgcc.a(_thenan_sf.o)
 .debug_str     0x00000232       0x14 c:/winavr-20100110/bin/../lib/gcc/avr/4.3.3/avr5\libgcc.a(_usi_to_sf.o)
                                0x177 (size before relaxing)
 .debug_str     0x00000246       0x81 c:/winavr-20100110/bin/../lib/gcc/avr/4.3.3/avr5\libgcc.a(_clzsi2.o)
                                0x111 (size before relaxing)
 .debug_str     0x000002c7       0x10 c:/winavr-20100110/bin/../lib/gcc/avr/4.3.3/avr5\libgcc.a(_pack_sf.o)
                                0x19d (size before relaxing)
 .debug_str     0x000002d7        0xb c:/winavr-20100110/bin/../lib/gcc/avr/4.3.3/avr5\libgcc.a(_unpack_sf.o)
                                0x17f (size before relaxing)
 .debug_str     0x000002e2       0x10 c:/winavr-20100110/bin/../lib/gcc/avr/4.3.3/avr5\libgcc.a(_fpcmp_parts_sf.o)
                                0x163 (size before relaxing)
 .debug_str     0x00000000       0xf4 c:/winavr-20100110/bin/../lib/gcc/avr/4.3.3/avr5\libgcc.a(_clz.o)

.debug_loc      0x00000000      0x9aa
 *(.debug_loc)
 .debug_loc     0x00000000      0x32a c:/winavr-20100110/bin/../lib/gcc/avr/4.3.3/avr5\libgcc.a(_addsub_sf.o)
 .debug_loc     0x0000032a      0x104 c:/winavr-20100110/bin/../lib/gcc/avr/4.3.3/avr5\libgcc.a(_mul_sf.o)
 .debug_loc     0x0000042e       0xc0 c:/winavr-20100110/bin/../lib/gcc/avr/4.3.3/avr5\libgcc.a(_div_sf.o)
 .debug_loc     0x000004ee       0x3c c:/winavr-20100110/bin/../lib/gcc/avr/4.3.3/avr5\libgcc.a(_gt_sf.o)
 .debug_loc     0x0000052a       0x3c c:/winavr-20100110/bin/../lib/gcc/avr/4.3.3/avr5\libgcc.a(_ge_sf.o)
 .debug_loc     0x00000566       0xac c:/winavr-20100110/bin/../lib/gcc/avr/4.3.3/avr5\libgcc.a(_si_to_sf.o)
 .debug_loc     0x00000612       0x7e c:/winavr-20100110/bin/../lib/gcc/avr/4.3.3/avr5\libgcc.a(_sf_to_si.o)
 .debug_loc     0x00000690       0x4c c:/winavr-20100110/bin/../lib/gcc/avr/4.3.3/avr5\libgcc.a(_usi_to_sf.o)
 .debug_loc     0x000006dc       0x94 c:/winavr-20100110/bin/../lib/gcc/avr/4.3.3/avr5\libgcc.a(_clzsi2.o)
 .debug_loc     0x00000770      0x13e c:/winavr-20100110/bin/../lib/gcc/avr/4.3.3/avr5\libgcc.a(_pack_sf.o)
 .debug_loc     0x000008ae       0xac c:/winavr-20100110/bin/../lib/gcc/avr/4.3.3/avr5\libgcc.a(_unpack_sf.o)
 .debug_loc     0x0000095a       0x50 c:/winavr-20100110/bin/../lib/gcc/avr/4.3.3/avr5\libgcc.a(_fpcmp_parts_sf.o)

.debug_macinfo
 *(.debug_macinfo)
OUTPUT(RBE3001_Team13.elf elf32-avr)
LOAD linker stubs

.debug_ranges   0x00000000       0x50
 .debug_ranges  0x00000000       0x50 c:/winavr-20100110/bin/../lib/gcc/avr/4.3.3/avr5\libgcc.a(_mul_sf.o)
